/{re=exrex:(|actuator|$%DOMAIN%%/actuator|%%PATH%%/actuator)}$/lastn	frequency==10
/{re=exrex:(|actuator|$%DOMAIN%%/actuator|%%PATH%%/actuator)}$/#/wallboard	frequency==10
/{re=exrex:(|actuator|$%DOMAIN%%/actuator|%%PATH%%/actuator)}$/	frequency==10
/{re=exrex:(|actuator|$%DOMAIN%%/actuator|%%PATH%%/actuator)}$	frequency==10
/{re=exrex:(|actuator|$%DOMAIN%%/actuator|%%PATH%%/actuator)}$/info	frequency==10
/{re=exrex:(|actuator|$%DOMAIN%%/actuator|%%PATH%%/actuator)}$/health/	frequency==10
/{re=exrex:(|actuator|$%DOMAIN%%/actuator|%%PATH%%/actuator)}$/health	frequency==10
/{re=exrex:(|actuator|$%DOMAIN%%/actuator|%%PATH%%/actuator)}$/features	frequency==10
/{re=exrex:(|actuator|$%DOMAIN%%/actuator|%%PATH%%/actuator)}$/metrics/	frequency==10
/{re=exrex:(|actuator|$%DOMAIN%%/actuator|%%PATH%%/actuator)}$/loggers/	frequency==10
/{re=exrex:(|actuator|$%DOMAIN%%/actuator|%%PATH%%/actuator)}$/httptrace/	frequency==10
/{re=exrex:(|actuator|$%DOMAIN%%/actuator|%%PATH%%/actuator)}$/metrics	frequency==10
/{re=exrex:(|actuator|$%DOMAIN%%/actuator|%%PATH%%/actuator)}$/loggers	frequency==10
/{re=exrex:(|actuator|$%DOMAIN%%/actuator|%%PATH%%/actuator)}$/httptrace	frequency==10
/{re=exrex:(|actuator|$%DOMAIN%%/actuator|%%PATH%%/actuator)}$/env	frequency==10
/{re=exrex:(|actuator|$%DOMAIN%%/actuator|%%PATH%%/actuator)}$/env/java.home	frequency==10
/{re=exrex:(|actuator|$%DOMAIN%%/actuator|%%PATH%%/actuator)}$/auditevents	frequency==10
/{re=exrex:(|actuator|$%DOMAIN%%/actuator|%%PATH%%/actuator)}$/beans	frequency==10
/{re=exrex:(|actuator|$%DOMAIN%%/actuator|%%PATH%%/actuator)}$/mappings	frequency==10
/{re=exrex:(|actuator|$%DOMAIN%%/actuator|%%PATH%%/actuator)}$/conditions	frequency==10
/{re=exrex:(|actuator|$%DOMAIN%%/actuator|%%PATH%%/actuator)}$/threaddump	frequency==10
/{re=exrex:(|actuator|$%DOMAIN%%/actuator|%%PATH%%/actuator)}$/scheduledtasks	frequency==10
/{re=exrex:(|actuator|$%DOMAIN%%/actuator|%%PATH%%/actuator)}$/heapdump	frequency==10
/{re=exrex:(|actuator|$%DOMAIN%%/actuator|%%PATH%%/actuator)}$/configprops	frequency==10
/{re=exrex:(|actuator|$%DOMAIN%%/actuator|%%PATH%%/actuator)}$/loggers/nacos	frequency==10
/{re=exrex:(|actuator|$%DOMAIN%%/actuator|%%PATH%%/actuator)}$/archaius	frequency==10
/{re=exrex:(|actuator|$%DOMAIN%%/actuator|%%PATH%%/actuator)}$/env/	frequency==10
/{re=exrex:(|actuator|$%DOMAIN%%/actuator|%%PATH%%/actuator)}$/trace/	frequency==10
/{re=exrex:(|actuator|$%DOMAIN%%/actuator|%%PATH%%/actuator)}$/trace	frequency==10
/{re=exrex:(|actuator|$%DOMAIN%%/actuator|%%PATH%%/actuator)}$/autoconfig	frequency==10
/{re=exrex:(|actuator|$%DOMAIN%%/actuator|%%PATH%%/actuator)}$/dump	frequency==10
/{re=exrex:(|actuator|$%DOMAIN%%/actuator|%%PATH%%/actuator)}$/metrics/mem	frequency==10
/{re=exrex:(|actuator|$%DOMAIN%%/actuator|%%PATH%%/actuator)}$/caches	frequency==10
/{re=exrex:(|actuator|$%DOMAIN%%/actuator|%%PATH%%/actuator)}$/heapdump.json	frequency==10
/{re=exrex:(|actuator|$%DOMAIN%%/actuator|%%PATH%%/actuator)}$/service-registry	frequency==10
/{re=exrex:(|actuator|$%DOMAIN%%/actuator|%%PATH%%/actuator)}$/api/v1/	frequency==10
/{re=exrex:(|actuator|$%DOMAIN%%/actuator|%%PATH%%/actuator)}$/api/v3	frequency==10
/{re=exrex:(|actuator|$%DOMAIN%%/actuator|%%PATH%%/actuator)}$/prometheus	frequency==10
/{re=exrex:(|actuator|$%DOMAIN%%/actuator|%%PATH%%/actuator)}$/api/apidocs	frequency==10
/{re=exrex:(|actuator|$%DOMAIN%%/actuator|%%PATH%%/actuator)}$/api/v1/login	frequency==10
/{re=exrex:(|actuator|$%DOMAIN%%/actuator|%%PATH%%/actuator)}$/hystrix	frequency==10
/{re=exrex:(|actuator|$%DOMAIN%%/actuator|%%PATH%%/actuator)}$/api/doc	frequency==10
/{re=exrex:(|actuator|$%DOMAIN%%/actuator|%%PATH%%/actuator)}$/api/v2	frequency==10
/{re=exrex:(|actuator|$%DOMAIN%%/actuator|%%PATH%%/actuator)}$/jolokia	frequency==10
/{re=exrex:(|actuator|$%DOMAIN%%/actuator|%%PATH%%/actuator)}$/jolokia/*	frequency==10
/{re=exrex:(|actuator|$%DOMAIN%%/actuator|%%PATH%%/actuator)}$/jolokia/list	frequency==10
/{re=exrex:(|actuator|$%DOMAIN%%/actuator|%%PATH%%/actuator)}$/api/v2/login	frequency==10
/{re=exrex:(|actuator|$%DOMAIN%%/actuator|%%PATH%%/actuator)}$/api/v2/apidocs	frequency==10
/{re=exrex:(|actuator|$%DOMAIN%%/actuator|%%PATH%%/actuator)}$/api/v1/apidocs	frequency==10
/{re=exrex:(|actuator|$%DOMAIN%%/actuator|%%PATH%%/actuator)}$/api/index.html	frequency==10
/{re=exrex:(|actuator|$%DOMAIN%%/actuator|%%PATH%%/actuator)}$/logfile	frequency==10
/{re=exrex:(|actuator|$%DOMAIN%%/actuator|%%PATH%%/actuator)}$/api	frequency==10
/{re=exrex:(|actuator|$%DOMAIN%%/actuator|%%PATH%%/actuator)}$/nacos-config	frequency==10
/{re=exrex:(|actuator|$%DOMAIN%%/actuator|%%PATH%%/actuator)}$/hystrix.stream	frequency==10
/{re=exrex:(|actuator|$%DOMAIN%%/actuator|%%PATH%%/actuator)}$/error	frequency==10
/{re=exrex:(|actuator|$%DOMAIN%%/actuator|%%PATH%%/actuator)}$/nacos-discovery	frequency==10
/{re=exrex:(|actuator|$%DOMAIN%%/actuator|%%PATH%%/actuator)}$/hystrix.stream/*	frequency==10
/{re=exrex:(|actuator|$%DOMAIN%%/actuator|%%PATH%%/actuator)}$/refresh	frequency==10
/{re=exrex:(|actuator|$%DOMAIN%%/actuator|%%PATH%%/actuator)}$/services	frequency==10
/{re=exrex:(|actuator|$%DOMAIN%%/actuator|%%PATH%%/actuator)}$/version	frequency==10