/%SWAGGER-PROJECT-Name%/%SWAGGER-VER-NUM%/api-docs	frequency==2
/%SWAGGER-PROJECT-Name%/%SWAGGER-VER-NUM%/api-docs/swagger-ui.html	frequency==2
/%SWAGGER-PROJECT-Name%/%SWAGGER-VER-NUM%/swagger.json	frequency==20
/%SWAGGER-PROJECT-Name%/前台信息接口/swagger.json	frequency==20
/%SWAGGER-VER-NUM%/api-docs/swagger-ui.html	frequency==2
/%SWAGGER-VER-NUM%/api-docs?group=swaggers说明文档.html	frequency==2
/api/%SWAGGER-VER-NUM%/{re=exrex:(|%SWAGGER-PROJECT-NAME%)}$/	frequency==2
/api/%SWAGGER-VER-NUM%/{re=exrex:(|%SWAGGER-PROJECT-NAME%)}$/ui	frequency==2
/api/%SWAGGER-VER-NUM%/{re=exrex:(|%SWAGGER-PROJECT-NAME%)}$/ui.html	frequency==2
/api/{re=exrex:(|%SWAGGER-PROJECT-NAME%)}$/	frequency==2
/api/{re=exrex:(|%SWAGGER-PROJECT-NAME%)}$/ui	frequency==2
/api/{re=exrex:(|%SWAGGER-PROJECT-NAME%)}$/ui.html	frequency==2
/{re=exrex:(|%SWAGGER-PROJECT-NAME%)}$	frequency==2
/{re=exrex:(|%SWAGGER-PROJECT-NAME%)}$/	frequency==2
/{re=exrex:(|%SWAGGER-PROJECT-NAME%)}$/%20/swagger-ui.html	frequency==2
/{re=exrex:(|%SWAGGER-PROJECT-NAME%)}$/%SWAGGER-PROJECT-NAME%/api-docs	frequency==2
/{re=exrex:(|%SWAGGER-PROJECT-NAME%)}$/%SWAGGER-VER-NUM%/api-docs?group=swaggers说明文档.html	frequency==2
/{re=exrex:(|%SWAGGER-PROJECT-NAME%)}$/%SWAGGER-VER-NUM%/swagger	frequency==2
/{re=exrex:(|%SWAGGER-PROJECT-NAME%)}$/%SWAGGER-VER-NUM%/swagger-resources	frequency==2
/{re=exrex:(|%SWAGGER-PROJECT-NAME%)}$/%SWAGGER-VER-NUM%/swagger-ui	frequency==2
/{re=exrex:(|%SWAGGER-PROJECT-NAME%)}$/%SWAGGER-VER-NUM%/swagger-ui.html	frequency==2
/{re=exrex:(|%SWAGGER-PROJECT-NAME%)}$/%SWAGGER-VER-NUM%/swagger-ui.json	frequency==20
/{re=exrex:(|%SWAGGER-PROJECT-NAME%)}$/%SWAGGER-VER-NUM%/swagger.json	frequency==20
/{re=exrex:(|%SWAGGER-PROJECT-NAME%)}$/%SWAGGER-VER-NUM%/swagger/	frequency==2
/{re=exrex:(|%SWAGGER-PROJECT-NAME%)}$/admin/swagger-ui.html	frequency==2
/{re=exrex:(|%SWAGGER-PROJECT-NAME%)}$/api-docs	frequency==2
/{re=exrex:(|%SWAGGER-PROJECT-NAME%)}$/api-docs/swagger.json	frequency==20
/{re=exrex:(|%SWAGGER-PROJECT-NAME%)}$/api/%SWAGGER-VER-NUM%/swagger.json	frequency==20
/{re=exrex:(|%SWAGGER-PROJECT-NAME%)}$/api/swagger	frequency==2
/{re=exrex:(|%SWAGGER-PROJECT-NAME%)}$/api/swagger-resources	frequency==2
/{re=exrex:(|%SWAGGER-PROJECT-NAME%)}$/api/swagger-ui	frequency==2
/{re=exrex:(|%SWAGGER-PROJECT-NAME%)}$/api/swagger-ui.html	frequency==2
/{re=exrex:(|%SWAGGER-PROJECT-NAME%)}$/api/swagger-ui.json	frequency==20
/{re=exrex:(|%SWAGGER-PROJECT-NAME%)}$/api/swagger.json	frequency==20
/{re=exrex:(|%SWAGGER-PROJECT-NAME%)}$/api/swaggerui	frequency==2
/{re=exrex:(|%SWAGGER-PROJECT-NAME%)}$/apidocs/swagger.json	frequency==20
/{re=exrex:(|%SWAGGER-PROJECT-NAME%)}$/codes	frequency==2
/{re=exrex:(|%SWAGGER-PROJECT-NAME%)}$/configuration/security	frequency==2
/{re=exrex:(|%SWAGGER-PROJECT-NAME%)}$/configuration/ui	frequency==2
/{re=exrex:(|%SWAGGER-PROJECT-NAME%)}$/index.html	frequency==2
/{re=exrex:(|%SWAGGER-PROJECT-NAME%)}$/libs/swaggerui	frequency==2
/{re=exrex:(|%SWAGGER-PROJECT-NAME%)}$/login/admin/swagger-ui.html	frequency==2
/{re=exrex:(|%SWAGGER-PROJECT-NAME%)}$/oauth/token/list/api/swagger	frequency==2
/{re=exrex:(|%SWAGGER-PROJECT-NAME%)}$/oauth/user/token/api/swagger-resources	frequency==2
/{re=exrex:(|%SWAGGER-PROJECT-NAME%)}$/oauth/userinfo/api/swagger-ui.html	frequency==2
/{re=exrex:(|%SWAGGER-PROJECT-NAME%)}$/peripheral/swagger-ui.html	frequency==2
/{re=exrex:(|%SWAGGER-PROJECT-NAME%)}$/redis/memoryInfo/api/swaggerui	frequency==2
/{re=exrex:(|%SWAGGER-PROJECT-NAME%)}$/static/index.html	frequency==2
/{re=exrex:(|%SWAGGER-PROJECT-NAME%)}$/static/swagger.json	frequency==20
/{re=exrex:(|%SWAGGER-PROJECT-NAME%)}$/sw/swagger-ui.html	frequency==2
/{re=exrex:(|%SWAGGER-PROJECT-NAME%)}$/swagger	frequency==2
/{re=exrex:(|%SWAGGER-PROJECT-NAME%)}$/swagger-resources	frequency==2
/{re=exrex:(|%SWAGGER-PROJECT-NAME%)}$/swagger-resources/static/	frequency==2
/{re=exrex:(|%SWAGGER-PROJECT-NAME%)}$/swagger-resourcesce	frequency==2
/{re=exrex:(|%SWAGGER-PROJECT-NAME%)}$/swagger-ui	frequency==2
/{re=exrex:(|%SWAGGER-PROJECT-NAME%)}$/swagger-ui.html	frequency==2
/{re=exrex:(|%SWAGGER-PROJECT-NAME%)}$/swagger-ui.html#	frequency==2
/{re=exrex:(|%SWAGGER-PROJECT-NAME%)}$/swagger-ui.json	frequency==20
/{re=exrex:(|%SWAGGER-PROJECT-NAME%)}$/swagger-ui/html	frequency==2
/{re=exrex:(|%SWAGGER-PROJECT-NAME%)}$/swagger-ui/index.html	frequency==2
/{re=exrex:(|%SWAGGER-PROJECT-NAME%)}$/swagger-ui/swagger.json	frequency==20
/{re=exrex:(|%SWAGGER-PROJECT-NAME%)}$/swagger.json	frequency==20
/{re=exrex:(|%SWAGGER-PROJECT-NAME%)}$/swagger.yml	frequency==2
/{re=exrex:(|%SWAGGER-PROJECT-NAME%)}$/swagger/codes	frequency==2
/{re=exrex:(|%SWAGGER-PROJECT-NAME%)}$/swagger/index.html	frequency==2
/{re=exrex:(|%SWAGGER-PROJECT-NAME%)}$/swagger/static/index.html	frequency==2
/{re=exrex:(|%SWAGGER-PROJECT-NAME%)}$/swagger接口文档/swagger.json	frequency==20
/{re=exrex:(|%SWAGGER-PROJECT-NAME%)}$/template/swagger-ui.html	frequency==2
/{re=exrex:(|%SWAGGER-PROJECT-NAME%)}$/ui	frequency==2
/{re=exrex:(|%SWAGGER-PROJECT-NAME%)}$/ui/abp.swagger.js	frequency==2
/{re=exrex:(|%SWAGGER-PROJECT-NAME%)}$/user/swagger-ui.html	frequency==2
/{re=exrex:(|%SWAGGER-PROJECT-NAME%)}$/前台信息接口/swagger.json	frequency==20