/{re=exrex:(|%ACTUATOR-PROJECT%)}$/lastn	frequency==10
/{re=exrex:(|%ACTUATOR-PROJECT%)}$/#/wallboard	frequency==10
/{re=exrex:(|%ACTUATOR-PROJECT%)}$/	frequency==10
/{re=exrex:(|%ACTUATOR-PROJECT%)}$	frequency==10
/{re=exrex:(|%ACTUATOR-PROJECT%)}$/info	frequency==10
/{re=exrex:(|%ACTUATOR-PROJECT%)}$/health/	frequency==10
/{re=exrex:(|%ACTUATOR-PROJECT%)}$/health	frequency==10
/{re=exrex:(|%ACTUATOR-PROJECT%)}$/features	frequency==10
/{re=exrex:(|%ACTUATOR-PROJECT%)}$/metrics/	frequency==10
/{re=exrex:(|%ACTUATOR-PROJECT%)}$/loggers/	frequency==10
/{re=exrex:(|%ACTUATOR-PROJECT%)}$/httptrace/	frequency==10
/{re=exrex:(|%ACTUATOR-PROJECT%)}$/metrics	frequency==10
/{re=exrex:(|%ACTUATOR-PROJECT%)}$/loggers	frequency==10
/{re=exrex:(|%ACTUATOR-PROJECT%)}$/httptrace	frequency==10
/{re=exrex:(|%ACTUATOR-PROJECT%)}$/env	frequency==10
/{re=exrex:(|%ACTUATOR-PROJECT%)}$/env/java.home	frequency==10
/{re=exrex:(|%ACTUATOR-PROJECT%)}$/auditevents	frequency==10
/{re=exrex:(|%ACTUATOR-PROJECT%)}$/beans	frequency==10
/{re=exrex:(|%ACTUATOR-PROJECT%)}$/mappings	frequency==10
/{re=exrex:(|%ACTUATOR-PROJECT%)}$/conditions	frequency==10
/{re=exrex:(|%ACTUATOR-PROJECT%)}$/threaddump	frequency==10
/{re=exrex:(|%ACTUATOR-PROJECT%)}$/scheduledtasks	frequency==10
/{re=exrex:(|%ACTUATOR-PROJECT%)}$/heapdump	frequency==10
/{re=exrex:(|%ACTUATOR-PROJECT%)}$/configprops	frequency==10
/{re=exrex:(|%ACTUATOR-PROJECT%)}$/loggers/nacos	frequency==10
/{re=exrex:(|%ACTUATOR-PROJECT%)}$/archaius	frequency==10
/{re=exrex:(|%ACTUATOR-PROJECT%)}$/env/	frequency==10
/{re=exrex:(|%ACTUATOR-PROJECT%)}$/trace/	frequency==10
/{re=exrex:(|%ACTUATOR-PROJECT%)}$/trace	frequency==10
/{re=exrex:(|%ACTUATOR-PROJECT%)}$/autoconfig	frequency==10
/{re=exrex:(|%ACTUATOR-PROJECT%)}$/dump	frequency==10
/{re=exrex:(|%ACTUATOR-PROJECT%)}$/metrics/mem	frequency==10
/{re=exrex:(|%ACTUATOR-PROJECT%)}$/caches	frequency==10
/{re=exrex:(|%ACTUATOR-PROJECT%)}$/heapdump.json	frequency==10
/{re=exrex:(|%ACTUATOR-PROJECT%)}$/service-registry	frequency==10
/{re=exrex:(|%ACTUATOR-PROJECT%)}$/api/v1/	frequency==10
/{re=exrex:(|%ACTUATOR-PROJECT%)}$/api/v3	frequency==10
/{re=exrex:(|%ACTUATOR-PROJECT%)}$/prometheus	frequency==10
/{re=exrex:(|%ACTUATOR-PROJECT%)}$/api/apidocs	frequency==10
/{re=exrex:(|%ACTUATOR-PROJECT%)}$/api/v1/login	frequency==10
/{re=exrex:(|%ACTUATOR-PROJECT%)}$/hystrix	frequency==10
/{re=exrex:(|%ACTUATOR-PROJECT%)}$/api/doc	frequency==10
/{re=exrex:(|%ACTUATOR-PROJECT%)}$/api/v2	frequency==10
/{re=exrex:(|%ACTUATOR-PROJECT%)}$/jolokia	frequency==10
/{re=exrex:(|%ACTUATOR-PROJECT%)}$/jolokia/*	frequency==10
/{re=exrex:(|%ACTUATOR-PROJECT%)}$/jolokia/list	frequency==10
/{re=exrex:(|%ACTUATOR-PROJECT%)}$/api/v2/login	frequency==10
/{re=exrex:(|%ACTUATOR-PROJECT%)}$/api/v2/apidocs	frequency==10
/{re=exrex:(|%ACTUATOR-PROJECT%)}$/api/v1/apidocs	frequency==10
/{re=exrex:(|%ACTUATOR-PROJECT%)}$/api/index.html	frequency==10
/{re=exrex:(|%ACTUATOR-PROJECT%)}$/logfile	frequency==10
/{re=exrex:(|%ACTUATOR-PROJECT%)}$/api	frequency==10
/{re=exrex:(|%ACTUATOR-PROJECT%)}$/nacos-config	frequency==10
/{re=exrex:(|%ACTUATOR-PROJECT%)}$/hystrix.stream	frequency==10
/{re=exrex:(|%ACTUATOR-PROJECT%)}$/error	frequency==10
/{re=exrex:(|%ACTUATOR-PROJECT%)}$/nacos-discovery	frequency==10
/{re=exrex:(|%ACTUATOR-PROJECT%)}$/hystrix.stream/*	frequency==10
/{re=exrex:(|%ACTUATOR-PROJECT%)}$/refresh	frequency==10
/{re=exrex:(|%ACTUATOR-PROJECT%)}$/services	frequency==10
/{re=exrex:(|%ACTUATOR-PROJECT%)}$/version	frequency==10