########### 通用文件###########
/.htaccess 
/robots.txt
/CHANGELOG.txt
/INSTALL.txt
/License.txt
/MAINTAINERS.txt
/README
/README.MD
/RELEASE_NOTES.txt
/ReadMe.txt
/Readme_CHS.txt
/Readme_CHT.txt
/data.txt
/install.mysql.txt
/install.pgsql.txt
/install.txt
/install_manifest.txt
/key
/key.txt
/keys
/log.txt
/readme
/升级.txt
/升级包地址.txt
/协议书.txt
/安装.txt
/安装说明.txt
/安装说明书.txt
/說明.txt
/说明.txt
/读我.txt

###########Lniux Bash信息###########
/.bash_history
/.bash_logout
/.bash_profile
/.bashrc
/.history
/.mysql_history
/.rediscli_history

###########Linux 密码信息###########
/etc/hosts
/etc/passwd

###########Linux 密钥信息###########
/id_dsa
/id_rsa
/.ssh/authorized_keys
/.ssh/id_dsa
/.ssh/id_dsa.pub
/.ssh/id_rsa
/.ssh/id_rsa.pub
/.ssh/known_hosts

###########Linux VIM信息###########
/.viminfo
/.vimrc

###########MAC OS结构文件###########
/.DS_Store/
/.DS_Store/config
/.DS_Store/LICENSE
/.DS_Store/loader
/.DS_Store/package.json

###########NodeJS配置文件###########
/package.json
/package-lock.json
/bower.json
/.bowerrc
/.eslintrc
/.jshintrc
/.npmrc
/.env
/.env.development
/.env.production
/process.env


###########Java配置文件###########
/WEB-INF/web.xml
/WEB-INF/classes/
/WEB-INF/lib/
/WEB-INF/src/
/WEB-INF/database.properties

###########GitLab CI/CD配置文件###########
/.gitlab-ci.yml
/.gitlab-cd.yml
/.gitlab.yml

###########Ruby on Rails配置文件###########
/database.yml

#phpinfo.php
/phpinfo.php


###########IDE结构信息泄露###########
/.idea/
/.idea/workspace.xml 
/.idea/dataSoures.xml
/.idea/modules.xml
###########NetBeans项目文件########
/nbproject/
/nbproject/build-impl.xml
/nbproject/project.xml

###########版本控制系统信息########
/.bzr/
/.hg/
/.git/
/.git/config
/.gitignore
/.git/logs/head
/.git/logs/HEAD
/.svn/
/.svn/entries
/.svn/wc.db
/.svn
/.svn/all-wcprops
/CVS/
/CVS/Root
/CVS/Entries
/.CVS


