/{re=exrex:(|%PROJECT-ACTUATOR%)}$/lastn	frequency==10
/{re=exrex:(|%PROJECT-ACTUATOR%)}$/#/wallboard	frequency==10
/{re=exrex:(|%PROJECT-ACTUATOR%)}$/	frequency==10
/{re=exrex:(|%PROJECT-ACTUATOR%)}$	frequency==10
/{re=exrex:(|%PROJECT-ACTUATOR%)}$/info	frequency==10
/{re=exrex:(|%PROJECT-ACTUATOR%)}$/health/	frequency==10
/{re=exrex:(|%PROJECT-ACTUATOR%)}$/health	frequency==10
/{re=exrex:(|%PROJECT-ACTUATOR%)}$/features	frequency==10
/{re=exrex:(|%PROJECT-ACTUATOR%)}$/metrics/	frequency==10
/{re=exrex:(|%PROJECT-ACTUATOR%)}$/loggers/	frequency==10
/{re=exrex:(|%PROJECT-ACTUATOR%)}$/httptrace/	frequency==10
/{re=exrex:(|%PROJECT-ACTUATOR%)}$/metrics	frequency==10
/{re=exrex:(|%PROJECT-ACTUATOR%)}$/loggers	frequency==10
/{re=exrex:(|%PROJECT-ACTUATOR%)}$/httptrace	frequency==10
/{re=exrex:(|%PROJECT-ACTUATOR%)}$/env	frequency==10
/{re=exrex:(|%PROJECT-ACTUATOR%)}$/env/java.home	frequency==10
/{re=exrex:(|%PROJECT-ACTUATOR%)}$/auditevents	frequency==10
/{re=exrex:(|%PROJECT-ACTUATOR%)}$/beans	frequency==10
/{re=exrex:(|%PROJECT-ACTUATOR%)}$/mappings	frequency==10
/{re=exrex:(|%PROJECT-ACTUATOR%)}$/conditions	frequency==10
/{re=exrex:(|%PROJECT-ACTUATOR%)}$/threaddump	frequency==10
/{re=exrex:(|%PROJECT-ACTUATOR%)}$/scheduledtasks	frequency==10
/{re=exrex:(|%PROJECT-ACTUATOR%)}$/heapdump	frequency==10
/{re=exrex:(|%PROJECT-ACTUATOR%)}$/configprops	frequency==10
/{re=exrex:(|%PROJECT-ACTUATOR%)}$/loggers/nacos	frequency==10
/{re=exrex:(|%PROJECT-ACTUATOR%)}$/archaius	frequency==10
/{re=exrex:(|%PROJECT-ACTUATOR%)}$/env/	frequency==10
/{re=exrex:(|%PROJECT-ACTUATOR%)}$/trace/	frequency==10
/{re=exrex:(|%PROJECT-ACTUATOR%)}$/trace	frequency==10
/{re=exrex:(|%PROJECT-ACTUATOR%)}$/autoconfig	frequency==10
/{re=exrex:(|%PROJECT-ACTUATOR%)}$/dump	frequency==10
/{re=exrex:(|%PROJECT-ACTUATOR%)}$/metrics/mem	frequency==10
/{re=exrex:(|%PROJECT-ACTUATOR%)}$/caches	frequency==10
/{re=exrex:(|%PROJECT-ACTUATOR%)}$/heapdump.json	frequency==10
/{re=exrex:(|%PROJECT-ACTUATOR%)}$/service-registry	frequency==10
/{re=exrex:(|%PROJECT-ACTUATOR%)}$/api/v1/	frequency==10
/{re=exrex:(|%PROJECT-ACTUATOR%)}$/api/v3	frequency==10
/{re=exrex:(|%PROJECT-ACTUATOR%)}$/prometheus	frequency==10
/{re=exrex:(|%PROJECT-ACTUATOR%)}$/api/apidocs	frequency==10
/{re=exrex:(|%PROJECT-ACTUATOR%)}$/api/v1/login	frequency==10
/{re=exrex:(|%PROJECT-ACTUATOR%)}$/hystrix	frequency==10
/{re=exrex:(|%PROJECT-ACTUATOR%)}$/api/doc	frequency==10
/{re=exrex:(|%PROJECT-ACTUATOR%)}$/api/v2	frequency==10
/{re=exrex:(|%PROJECT-ACTUATOR%)}$/jolokia	frequency==10
/{re=exrex:(|%PROJECT-ACTUATOR%)}$/jolokia/*	frequency==10
/{re=exrex:(|%PROJECT-ACTUATOR%)}$/jolokia/list	frequency==10
/{re=exrex:(|%PROJECT-ACTUATOR%)}$/api/v2/login	frequency==10
/{re=exrex:(|%PROJECT-ACTUATOR%)}$/api/v2/apidocs	frequency==10
/{re=exrex:(|%PROJECT-ACTUATOR%)}$/api/v1/apidocs	frequency==10
/{re=exrex:(|%PROJECT-ACTUATOR%)}$/api/index.html	frequency==10
/{re=exrex:(|%PROJECT-ACTUATOR%)}$/logfile	frequency==10
/{re=exrex:(|%PROJECT-ACTUATOR%)}$/api	frequency==10
/{re=exrex:(|%PROJECT-ACTUATOR%)}$/nacos-config	frequency==10
/{re=exrex:(|%PROJECT-ACTUATOR%)}$/hystrix.stream	frequency==10
/{re=exrex:(|%PROJECT-ACTUATOR%)}$/error	frequency==10
/{re=exrex:(|%PROJECT-ACTUATOR%)}$/nacos-discovery	frequency==10
/{re=exrex:(|%PROJECT-ACTUATOR%)}$/hystrix.stream/*	frequency==10
/{re=exrex:(|%PROJECT-ACTUATOR%)}$/refresh	frequency==10
/{re=exrex:(|%PROJECT-ACTUATOR%)}$/services	frequency==10
/{re=exrex:(|%PROJECT-ACTUATOR%)}$/version	frequency==10