/{date=year:2010-2023}$.%ZIP后缀%  <-->170
/%%DOMAIN%.%ZIP后缀%  <-->99
/%%PATH%.%ZIP后缀%  <-->99
/db.%ZIP后缀%  <-->93
/data.%ZIP后缀%  <-->87
/{re=exrex:(wwwroot|www|htdocs|web|ww|w|website|backup|back|site|http|admin|default|webroot|index|main|global|include|includes|common)}$.%ZIP后缀%  <-->80
/web.%ZIP后缀%  <-->80
/bak.%ZIP后缀%  <-->64
/test.%ZIP后缀%  <-->57
/{int=series:0-5}$.%ZIP后缀%  <-->55
/database.%ZIP后缀%  <-->55
/users.%ZIP后缀%  <-->53
/sql.%ZIP后缀%  <-->53
/{date=mon:1-10}$.%ZIP后缀%  <-->36
/html.%ZIP后缀%  <-->36
/{date=year:2010-2023}$backup.%ZIP后缀%  <-->35
/user.%ZIP后缀%  <-->31
/bbs.%ZIP后缀%  <-->28
/ftp.%ZIP后缀%  <-->28
/a.%ZIP后缀%  <-->28
/root.%ZIP后缀%  <-->24
/beifen.%ZIP后缀%  <-->23
/userlist.%ZIP后缀%  <-->22
/{date=year:2010-2023}$_backup.%ZIP后缀%  <-->21
/template.%ZIP后缀%  <-->21
/{date=year:2010-2023}$Backups.%ZIP后缀%  <-->20
/{date=year:2010-2023}$BACKUPS.%ZIP后缀%  <-->20
/{date=year:2010-2023}$backups.%ZIP后缀%  <-->20
/{date=year:2010-2023}$Backup.%ZIP后缀%  <-->20
/wangzhan.%ZIP后缀%  <-->20
/old.%ZIP后缀%  <-->20
/archive.%ZIP后缀%  <-->19
/backups.%ZIP后缀%  <-->19
/code.%ZIP后缀%  <-->19
/dump.%ZIP后缀%  <-->19
/{date=year:2010-2023}$-backup.%ZIP后缀%  <-->18
/install.%ZIP后缀%  <-->18
/hdocs.%ZIP后缀%  <-->18
/{date=year:2010-2023}$_Backups.%ZIP后缀%  <-->16
/{date=year:2010-2023}$_backups.%ZIP后缀%  <-->16
/{date=year:2010-2023}$_BACKUPS.%ZIP后缀%  <-->16
/{date=year:2010-2023}$_Backup.%ZIP后缀%  <-->16
/{date=year:2010-2023}$_BACKUP.%ZIP后缀%  <-->16
/{date=year:2010-2023}$BACKUP.%ZIP后缀%  <-->16
/_backup.%ZIP后缀%  <-->16
/upload.%ZIP后缀%  <-->16
/flashfxp.%ZIP后缀%  <-->15
/Release.%ZIP后缀%  <-->15
/{date=year:2010-2023}$-backups.%ZIP后缀%  <-->14
/download.%ZIP后缀%  <-->14
/config.%ZIP后缀%  <-->14
/files.%ZIP后缀%  <-->14
/wz.%ZIP后缀%  <-->14
/WEB-INF.%ZIP后缀%  <-->13
/upfile.%ZIP后缀%  <-->13
/new.%ZIP后缀%  <-->13
/{date=year:2010-2023}$-Backups.%ZIP后缀%  <-->12
/{date=year:2010-2023}$-BACKUPS.%ZIP后缀%  <-->12
/{date=year:2010-2023}$-Backup.%ZIP后缀%  <-->12
/{date=year:2010-2023}$-BACKUP.%ZIP后缀%  <-->12
/beian.%ZIP后缀%  <-->12
/error.%ZIP后缀%  <-->12
/mysql.%ZIP后缀%  <-->12
/temp.%ZIP后缀%  <-->12
/dev.%ZIP后缀%  <-->12
/vip.%ZIP后缀%  <-->11
/gg.%ZIP后缀%  <-->11
/oa.%ZIP后缀%  <-->11
/{re=exrex:(123|234|520|789|1234|12345|123456)}$.%ZIP后缀%  <-->10
/master.%ZIP后缀%  <-->10
/数据库备份.%ZIP后缀%  <-->10
/网站备份.%ZIP后缀%  <-->10
/数据库.%ZIP后缀%  <-->10
/服务器.%ZIP后缀%  <-->10
/my.%ZIP后缀%  <-->10
/备份.%ZIP后缀%  <-->10
/网站.%ZIP后缀%  <-->10
/err_log.%ZIP后缀%  <-->9
/members.%ZIP后缀%  <-->9
/HYTop.%ZIP后缀%  <-->9
/forum.%ZIP后缀%  <-->9
/conf.%ZIP后缀%  <-->9
/fdsa.%ZIP后缀%  <-->9
/last.%ZIP后缀%  <-->9
/php.%ZIP后缀%  <-->9
/{date=year:2010-2023}$.backup.%ZIP后缀%  <-->8
/admin{date=year:2010-2023}$.%ZIP后缀%  <-->8
/error_log.%ZIP后缀%  <-->8
/package.%ZIP后缀%  <-->8
/home.%ZIP后缀%  <-->8
/api.%ZIP后缀%  <-->8
/dat.%ZIP后缀%  <-->8
/jsp.%ZIP后缀%  <-->8
/js.%ZIP后缀%  <-->8
/wordpress.%ZIP后缀%  <-->7
/archived.%ZIP后缀%  <-->7
/www.root.%ZIP后缀%  <-->7
/media.%ZIP后缀%  <-->7
/aspx.%ZIP后缀%  <-->7
/tmp.%ZIP后缀%  <-->7
/bk.%ZIP后缀%  <-->7
/Web{int=series$1:1-5}$.%ZIP后缀%  <-->6
/clients.%ZIP后缀%  <-->6
/manage.%ZIP后缀%  <-->6
/update.%ZIP后缀%  <-->6
/setup.%ZIP后缀%  <-->6
/soso.%ZIP后缀%  <-->6
/logs.%ZIP后缀%  <-->6
/demo.%ZIP后缀%  <-->6
/log.%ZIP后缀%  <-->6
/app.%ZIP后缀%  <-->6
/qq.%ZIP后缀%  <-->6
/lastbackup.%ZIP后缀%  <-->5
/customers.%ZIP后缀%  <-->5
/Backup.%ZIP后缀%  <-->5
/Upload.%ZIP后缀%  <-->5
/engine.%ZIP后缀%  <-->5
/joomla.%ZIP后缀%  <-->5
/output.%ZIP后缀%  <-->5
/passwd.%ZIP后缀%  <-->5
/server.%ZIP后缀%  <-->5
/login.%ZIP后缀%  <-->5
/local.%ZIP后缀%  <-->5
/tools.%ZIP后缀%  <-->5
/shell.%ZIP后缀%  <-->5
/file.%ZIP后缀%  <-->5
/auth.%ZIP后缀%  <-->5
/Data.%ZIP后缀%  <-->5
/bin.%ZIP后缀%  <-->5
/vb.%ZIP后缀%  <-->5
/www{int=series$1:0-5}$.%ZIP后缀%  <-->4
/{int=overlap#2:0-9}$'.%ZIP后缀%  <-->4
/v{int=series:1-5}$.%ZIP后缀%  <-->4
/{date=year:2010-2023}-BACKUP.%ZIP后缀%  <-->4
/system_backups.%ZIP后缀%  <-->4
/SYSTEM-BACKUPS.%ZIP后缀%  <-->4
/SYSTEM_BACKUPS.%ZIP后缀%  <-->4
/System-Backups.%ZIP后缀%  <-->4
/System_Backups.%ZIP后缀%  <-->4
/system-backups.%ZIP后缀%  <-->4
/SYSTEM-BACKUP.%ZIP后缀%  <-->4
/SYSTEMBACKUPS.%ZIP后缀%  <-->4
/SYSTEM_BACKUP.%ZIP后缀%  <-->4
/System-Backup.%ZIP后缀%  <-->4
/System_Backup.%ZIP后缀%  <-->4
/Systembackups.%ZIP后缀%  <-->4
/system-backup.%ZIP后缀%  <-->4
/system_backup.%ZIP后缀%  <-->4
/systembackups.%ZIP后缀%  <-->4
/Systembackup.%ZIP后缀%  <-->4
/SYSTEMBACKUP.%ZIP后缀%  <-->4
/systembackup.%ZIP后缀%  <-->4
/____backups.%ZIP后缀%  <-->4
/____Backups.%ZIP后缀%  <-->4
/____BACKUPS.%ZIP后缀%  <-->4
/sqlmanager.%ZIP后缀%  <-->4
/databackup.%ZIP后缀%  <-->4
/___backups.%ZIP后缀%  <-->4
/____backup.%ZIP后缀%  <-->4
/____Backup.%ZIP后缀%  <-->4
/____BACKUP.%ZIP后缀%  <-->4
/___Backups.%ZIP后缀%  <-->4
/___BACKUPS.%ZIP后缀%  <-->4
/webserver.%ZIP后缀%  <-->4
/__BACKUPS.%ZIP后缀%  <-->4
/__Backups.%ZIP后缀%  <-->4
/___BACKUP.%ZIP后缀%  <-->4
/___Backup.%ZIP后缀%  <-->4
/___backup.%ZIP后缀%  <-->4
/__backups.%ZIP后缀%  <-->4
/_BACKUPS.%ZIP后缀%  <-->4
/_Backups.%ZIP后缀%  <-->4
/__BACKUP.%ZIP后缀%  <-->4
/__Backup.%ZIP后缀%  <-->4
/__backup.%ZIP后缀%  <-->4
/_backups.%ZIP后缀%  <-->4
/databack.%ZIP后缀%  <-->4
/BACKUPS.%ZIP后缀%  <-->4
/Backups.%ZIP后缀%  <-->4
/_BACKUP.%ZIP后缀%  <-->4
/_Backup.%ZIP后缀%  <-->4
/databak.%ZIP后缀%  <-->4
/manager.%ZIP后缀%  <-->4
/pengyou.%ZIP后缀%  <-->4
/BACKUP.%ZIP后缀%  <-->4
/houtai.%ZIP后缀%  <-->4
/member.%ZIP后缀%  <-->4
/orders.%ZIP后缀%  <-->4
/static.%ZIP后缀%  <-->4
/tenpay.%ZIP后缀%  <-->4
/sales.%ZIP后缀%  <-->4
/proxy.%ZIP后缀%  <-->4
/htccp.%ZIP后缀%  <-->4
/cache.%ZIP后缀%  <-->4
/build.%ZIP后缀%  <-->4
/info.%ZIP后缀%  <-->4
/down.%ZIP后缀%  <-->4
/com.%ZIP后缀%  <-->4
/Sql.%ZIP后缀%  <-->4
/b.%ZIP后缀%  <-->4
/admin{int=series$1:0-5}$.%ZIP后缀%  <-->3
/web{int=series$1:1-5}$.%ZIP后缀%  <-->3
/{int=overlap#3:0-9}$.%ZIP后缀%  <-->3
/configuration.php.%ZIP后缀%  <-->3
/upload_files.%ZIP后缀%  <-->3
/application.%ZIP后缀%  <-->3
/mysqlserver.%ZIP后缀%  <-->3
/uploadfiles.%ZIP后缀%  <-->3
/SQL_Manager.%ZIP后缀%  <-->3
/UploadFiles.%ZIP后缀%  <-->3
/backupdata.%ZIP后缀%  <-->3
/config.php.%ZIP后缀%  <-->3
/fileupload.%ZIP后缀%  <-->3
/SQL_System.%ZIP后缀%  <-->3
/localhost.%ZIP后缀%  <-->3
/passwords.%ZIP后缀%  <-->3
/webmaster.%ZIP后缀%  <-->3
/password.%ZIP后缀%  <-->3
/invoker.%ZIP后缀%  <-->3
/mailman.%ZIP后缀%  <-->3
/release.%ZIP后缀%  <-->3
/shujuku.%ZIP后缀%  <-->3
/Manager.%ZIP后缀%  <-->3
/Members.%ZIP后缀%  <-->3
/Config.%ZIP后缀%  <-->3
/HouTai.%ZIP后缀%  <-->3
/Manage.%ZIP后缀%  <-->3
/Member.%ZIP后缀%  <-->3
/assets.%ZIP后缀%  <-->3
/guanli.%ZIP后缀%  <-->3
/images.%ZIP后缀%  <-->3
/public.%ZIP后缀%  <-->3
/robots.%ZIP后缀%  <-->3
/vendor.%ZIP后缀%  <-->3
/yedek.%ZIP后缀%  <-->3
/store.%ZIP后缀%  <-->3
/popup.%ZIP后缀%  <-->3
/first.%ZIP后缀%  <-->3
/check.%ZIP后缀%  <-->3
/cacti.%ZIP后缀%  <-->3
/Files.%ZIP后缀%  <-->3
/Check.%ZIP后缀%  <-->3
/tool.%ZIP后缀%  <-->3
/init.%ZIP后缀%  <-->3
/help.%ZIP后缀%  <-->3
/core.%ZIP后缀%  <-->3
/Test.%ZIP后缀%  <-->3
/Main.%ZIP后缀%  <-->3
/File.%ZIP后缀%  <-->3
/Root.%ZIP后缀%  <-->3
/bac.%ZIP后缀%  <-->3
/asp.%ZIP后缀%  <-->3
/Top.%ZIP后缀%  <-->3
/Mgr.%ZIP后缀%  <-->3
/xxx.%ZIP后缀%  <-->3
/top.%ZIP后缀%  <-->3
/mgr.%ZIP后缀%  <-->3
/doc.%ZIP后缀%  <-->3
/ddt.%ZIP后缀%  <-->3
/M.%ZIP后缀%  <-->3
/m.%ZIP后缀%  <-->3
/Y.%ZIP后缀%  <-->3
/y.%ZIP后缀%  <-->3
/r.%ZIP后缀%  <-->3
/R.%ZIP后缀%  <-->3
/x.%ZIP后缀%  <-->3
/X.%ZIP后缀%  <-->3
/{int=overlap#4:0-9}$'.%ZIP后缀%  <-->2
/{int=series:11-15}$.%ZIP后缀%  <-->2
/localsettings.php.%ZIP后缀%  <-->2
/lastbackupbackup.%ZIP后缀%  <-->2
/administrator.%ZIP后缀%  <-->2
/phpRedisAdmin.%ZIP后缀%  <-->2
/server-status.%ZIP后缀%  <-->2
/settings.php.%ZIP后缀%  <-->2
/phpldapadmin.%ZIP后缀%  <-->2
/web-console.%ZIP后缀%  <-->2
/admin_login.%ZIP后缀%  <-->2
/global.asax.%ZIP后缀%  <-->2
/jmx-console.%ZIP后缀%  <-->2
/last.backup.%ZIP后缀%  <-->2
/global.asa.%ZIP后缀%  <-->2
/web.config.%ZIP后缀%  <-->2
/web_master.%ZIP后缀%  <-->2
/mirserver1.%ZIP后缀%  <-->2
/mirserver2.%ZIP后缀%  <-->2
/Web_Master.%ZIP后缀%  <-->2
/config.ini.%ZIP后缀%  <-->2
/config.inc.%ZIP后缀%  <-->2
/Mirserver4.%ZIP后缀%  <-->2
/Mirserver2.%ZIP后缀%  <-->2
/MirServer3.%ZIP后缀%  <-->2
/KingServer.%ZIP后缀%  <-->2
/mirserver.%ZIP后缀%  <-->2
/newsadmin.%ZIP后缀%  <-->2
/wfReplace.%ZIP后缀%  <-->2
/wolserver.%ZIP后缀%  <-->2
/GameOfmir.%ZIP后缀%  <-->2
/WebMaster.%ZIP后缀%  <-->2
/faisunzip.%ZIP后缀%  <-->2
/functions.%ZIP后缀%  <-->2
/settings.%ZIP后缀%  <-->2
/conf.php.%ZIP后缀%  <-->2
/DKserver.%ZIP后缀%  <-->2
/VIEWGOOD.%ZIP后缀%  <-->2
/accounts.%ZIP后缀%  <-->2
/dump.sql.%ZIP后缀%  <-->2
/htaccess.%ZIP后缀%  <-->2
/htpasswd.%ZIP后缀%  <-->2
/statics.%ZIP后缀%  <-->2
/upgrade.%ZIP后缀%  <-->2
/uploads.%ZIP后缀%  <-->2
/Default.%ZIP后缀%  <-->2
/LeapFTP.%ZIP后缀%  <-->2
/MyAdmin.%ZIP后缀%  <-->2
/Upgrade.%ZIP后缀%  <-->2
/Wol2008.%ZIP后缀%  <-->2
/article.%ZIP后缀%  <-->2
/classes.%ZIP后缀%  <-->2
/console.%ZIP后缀%  <-->2
/jenkins.%ZIP后缀%  <-->2
/monitor.%ZIP后缀%  <-->2
/myadmin.%ZIP后缀%  <-->2
/runtime.%ZIP后缀%  <-->2
/scripts.%ZIP后缀%  <-->2
/servlet.%ZIP后缀%  <-->2
/sqldump.%ZIP后缀%  <-->2
/webdev.%ZIP后缀%  <-->2
/status.%ZIP后缀%  <-->2
/source.%ZIP后缀%  <-->2
/script.%ZIP后缀%  <-->2
/schema.%ZIP后缀%  <-->2
/nagios.%ZIP后缀%  <-->2
/kibana.%ZIP后缀%  <-->2
/GuanLi.%ZIP后缀%  <-->2
/Master.%ZIP后缀%  <-->2
/access.%ZIP后缀%  <-->2
/admin1.%ZIP后缀%  <-->2
/deploy.%ZIP后缀%  <-->2
/extend.%ZIP后缀%  <-->2
/guige.%ZIP后缀%  <-->2
/xampp.%ZIP后缀%  <-->2
/MySQL.%ZIP后缀%  <-->2
/httpd.%ZIP后缀%  <-->2
/about.%ZIP后缀%  <-->2
/stats.%ZIP后缀%  <-->2
/redis.%ZIP后缀%  <-->2
/image.%ZIP后缀%  <-->2
/game.%ZIP后缀%  <-->2
/pass.%ZIP后缀%  <-->2
/apps.%ZIP后缀%  <-->2
/sjk.%ZIP后缀%  <-->2
/all.%ZIP后缀%  <-->2
/adm.%ZIP后缀%  <-->2
/Add.%ZIP后缀%  <-->2
/inc.%ZIP后缀%  <-->2
/tar.%ZIP后缀%  <-->2
/img.%ZIP后缀%  <-->2
/src.%ZIP后缀%  <-->2
/wp.%ZIP后缀%  <-->2
/up.%ZIP后缀%  <-->2
/u.%ZIP后缀%  <-->2
/A.%ZIP后缀%  <-->2
/s.%ZIP后缀%  <-->2
/i.%ZIP后缀%  <-->2
/t.%ZIP后缀%  <-->2
/I.%ZIP后缀%  <-->2
/U.%ZIP后缀%  <-->2
/S.%ZIP后缀%  <-->2
/SypexDumper_{date=year:2010-2023}$.%ZIP后缀%  <-->1
/admin{int=series$1:0-5}$.old.%ZIP后缀%  <-->1
/SysAdmin{int=series$1:0-5}$.%ZIP后缀%  <-->1
/Admin{int=series$1:0-5}$  <-->1
/ActiveDirectoryRemoteAdminScripts.%ZIP后缀%  <-->1
/ApplicationProfileSampleservlet.%ZIP后缀%  <-->1
/microsoft-server-activesync.%ZIP后缀%  <-->1
/bea_wls_deployment_internal.%ZIP后缀%  <-->1
/WebSphereBankDepositservlet.%ZIP后缀%  <-->1
/Microsoft-Server-ActiveSync.%ZIP后缀%  <-->1
/BenchmarkDotNet.Artifacts.%ZIP后缀%  <-->1
/ApplicationProfileSample.%ZIP后缀%  <-->1
/bea_wls_cluster_internal.%ZIP后缀%  <-->1
/javax.faces.resource....%ZIP后缀%  <-->1
/Database_Administration.%ZIP后缀%  <-->1
/AlbumCatalogWebservlet.%ZIP后缀%  <-->1
/administratoraccounts.%ZIP后缀%  <-->1
/encode-explorer_6.4.1.%ZIP后缀%  <-->1
/build-iPhoneSimulator.%ZIP后缀%  <-->1
/deviceupdatefiles_ext.%ZIP后缀%  <-->1
/deviceupdatefiles_int.%ZIP后缀%  <-->1
/system-administration.%ZIP后缀%  <-->1
/system_administration.%ZIP后缀%  <-->1
/panel-administracion.%ZIP后缀%  <-->1
/ngx_pagespeed_beacon.%ZIP后缀%  <-->1
/GreenhouseWebservlet.%ZIP后缀%  <-->1
/WebSphereBankDeposit.%ZIP后缀%  <-->1
/Remote-Administrator.%ZIP后缀%  <-->1
/WebSphereBankservlet.%ZIP后缀%  <-->1
/_UpgradeReport_Files.%ZIP后缀%  <-->1
/encode-explorer_6.3.%ZIP后缀%  <-->1
/encode-explorer_6.4.%ZIP后缀%  <-->1
/iOSInjectionProject.%ZIP后缀%  <-->1
/encode_explorer-3.2.%ZIP后缀%  <-->1
/encode_explorer-3.3.%ZIP后缀%  <-->1
/encode_explorer-3.4.%ZIP后缀%  <-->1
/ServiceFabricBackup.%ZIP后缀%  <-->1
/ServerAdministrator.%ZIP后缀%  <-->1
/encode-explorer_5.0.%ZIP后缀%  <-->1
/administrator-login.%ZIP后缀%  <-->1
/encode-explorer_5.1.%ZIP后缀%  <-->1
/bea_wls_diagnostics.%ZIP后缀%  <-->1
/appengine-generated.%ZIP后缀%  <-->1
/encode-explorer_6.0.%ZIP后缀%  <-->1
/encode-explorer_6.1.%ZIP后缀%  <-->1
/encode-explorer_6.2.%ZIP后缀%  <-->1
/other_vhosts_access.%ZIP后缀%  <-->1
/WarehouseWebservlet.%ZIP后缀%  <-->1
/encode_explorer-4.0.%ZIP后缀%  <-->1
/administratorlogin.%ZIP后缀%  <-->1
/development.esproj.%ZIP后缀%  <-->1
/Lotus_Domino_Admin.%ZIP后缀%  <-->1
/encode_explorer_32.%ZIP后缀%  <-->1
/server_admin_small.%ZIP后缀%  <-->1
/requesthandlerext.%ZIP后缀%  <-->1
/phpmemcachedadmin.%ZIP后缀%  <-->1
/phoneconferencing.%ZIP后缀%  <-->1
/Greenhouseservlet.%ZIP后缀%  <-->1
/JMXInvokerServlet.%ZIP后缀%  <-->1
/exploded-archives.%ZIP后缀%  <-->1
/restricted_access.%ZIP后缀%  <-->1
/OrderProcessorEJB.%ZIP后缀%  <-->1
/development-parts.%ZIP后缀%  <-->1
/_mmServerScripts.%ZIP后缀%  <-->1
/DerivedDataCache.%ZIP后缀%  <-->1
/bea_wls_internal.%ZIP后缀%  <-->1
/j_security_check.%ZIP后缀%  <-->1
/Remote_Execution.%ZIP后缀%  <-->1
/maintenance.flag.%ZIP后缀%  <-->1
/WebSphereSamples.%ZIP后缀%  <-->1
/unifiedmessaging.%ZIP后缀%  <-->1
/bower_components.%ZIP后缀%  <-->1
/protected_access.%ZIP后缀%  <-->1
/FakesAssemblies.%ZIP后缀%  <-->1
/encode_explorer.%ZIP后缀%  <-->1
/installer_files.%ZIP后缀%  <-->1
/BundleArtifacts.%ZIP后缀%  <-->1
/ss_vms_admin_sm.%ZIP后缀%  <-->1
/AlbumCatalogWeb.%ZIP后缀%  <-->1
/Database_Backup.%ZIP后缀%  <-->1
/login-redirect.%ZIP后缀%  <-->1
/local_conf.php.%ZIP后缀%  <-->1
/project-admins.%ZIP后缀%  <-->1
/build-iPhoneOS.%ZIP后缀%  <-->1
/admin-database.%ZIP后缀%  <-->1
/devel_isolated.%ZIP后缀%  <-->1
/admin4_account.%ZIP后缀%  <-->1
/requesthandler.%ZIP后缀%  <-->1
/AccessPlatform.%ZIP后缀%  <-->1
/phpSQLiteAdmin.%ZIP后缀%  <-->1
/administracion.%ZIP后缀%  <-->1
/administrateur.%ZIP后缀%  <-->1
/administration.%ZIP后缀%  <-->1
/administrative.%ZIP后缀%  <-->1
/productcockpit.%ZIP后缀%  <-->1
/myadminscripts.%ZIP后缀%  <-->1
/build_isolated.%ZIP后缀%  <-->1
/persistentchat.%ZIP后缀%  <-->1
/LiveUser_Admin.%ZIP后缀%  <-->1
/administrators.%ZIP后缀%  <-->1
/customer_login.%ZIP后缀%  <-->1
/phpFileManager.%ZIP后缀%  <-->1
/groupexpansion.%ZIP后缀%  <-->1
/Generated_Code.%ZIP后缀%  <-->1
/PublishScripts.%ZIP后缀%  <-->1
/GreenhouseEJB.%ZIP后缀%  <-->1
/GreenhouseWeb.%ZIP后缀%  <-->1
/gwt-unitCache.%ZIP后缀%  <-->1
/admin-console.%ZIP后缀%  <-->1
/ezsqliteadmin.%ZIP后缀%  <-->1
/administrador.%ZIP后缀%  <-->1
/administratie.%ZIP后缀%  <-->1
/administrivia.%ZIP后缀%  <-->1
/aspnet_client.%ZIP后缀%  <-->1
/elasticsearch.%ZIP后缀%  <-->1
/documentation.%ZIP后缀%  <-->1
/wizmysqladmin.%ZIP后缀%  <-->1
/utility_login.%ZIP后缀%  <-->1
/upload_images.%ZIP后缀%  <-->1
/upload_backup.%ZIP后缀%  <-->1
/Manager_Login.%ZIP后缀%  <-->1
/support_login.%ZIP后缀%  <-->1
/squid-reports.%ZIP后缀%  <-->1
/phpLiteAdmin_.%ZIP后缀%  <-->1
/passwordlists.%ZIP后缀%  <-->1
/Remote-Access.%ZIP后缀%  <-->1
/configure.php.%ZIP后缀%  <-->1
/WebSphereBank.%ZIP后缀%  <-->1
/_DynaCacheEsi.%ZIP后缀%  <-->1
/manager_login.%ZIP后缀%  <-->1
/logo_sysadmin.%ZIP后缀%  <-->1
/configuration.%ZIP后缀%  <-->1
/jspm_packages.%ZIP后缀%  <-->1
/importcockpit.%ZIP后缀%  <-->1
/images_upload.%ZIP后缀%  <-->1
/hpwebjetadmin.%ZIP后缀%  <-->1
/registration.%ZIP后缀%  <-->1
/jsp-examples.%ZIP后缀%  <-->1
/globes_admin.%ZIP后缀%  <-->1
/phpminiadmin.%ZIP后缀%  <-->1
/Passwd_Files.%ZIP后缀%  <-->1
/Intermediate.%ZIP后缀%  <-->1
/passwordlist.%ZIP后缀%  <-->1
/remote-entry.%ZIP后缀%  <-->1
/packer_cache.%ZIP后缀%  <-->1
/develop-eggs.%ZIP后缀%  <-->1
/openvpnadmin.%ZIP后缀%  <-->1
/node_modules.%ZIP后缀%  <-->1
/AutoTest.Net.%ZIP后缀%  <-->1
/WarehouseEJB.%ZIP后缀%  <-->1
/uploadimages.%ZIP后缀%  <-->1
/file_manager.%ZIP后缀%  <-->1
/host-manager.%ZIP后缀%  <-->1
/nginx-status.%ZIP后缀%  <-->1
/admin4_colon.%ZIP后缀%  <-->1
/hybridconfig.%ZIP后缀%  <-->1
/houtaiguanli.%ZIP后缀%  <-->1
/requirements.%ZIP后缀%  <-->1
/navSiteAdmin.%ZIP后缀%  <-->1
/mysqlmanager.%ZIP后缀%  <-->1
/autodiscover.%ZIP后缀%  <-->1
/controlpanel.%ZIP后缀%  <-->1
/WarehouseWeb.%ZIP后缀%  <-->1
/phpLiteAdmin.%ZIP后缀%  <-->1
/Estadisticas.%ZIP后缀%  <-->1
/admincontrol.%ZIP后缀%  <-->1
/installation.%ZIP后缀%  <-->1
/aspnet_files.%ZIP后缀%  <-->1
/logs_console.%ZIP后缀%  <-->1
/php-my-admin.%ZIP后缀%  <-->1
/databaseinit.%ZIP后缀%  <-->1
/irc-macadmin.%ZIP后缀%  <-->1
/textpattern.%ZIP后缀%  <-->1
/phpmyad-sys.%ZIP后缀%  <-->1
/phpmy-admin.%ZIP后缀%  <-->1
/test-report.%ZIP后缀%  <-->1
/test-output.%ZIP后缀%  <-->1
/phpfm-1.7.8.%ZIP后缀%  <-->1
/phpfm-1.7.7.%ZIP后缀%  <-->1
/phpfm-1.7.6.%ZIP后缀%  <-->1
/phpfm-1.7.5.%ZIP后缀%  <-->1
/phpfm-1.7.4.%ZIP后缀%  <-->1
/phpfm-1.7.3.%ZIP后缀%  <-->1
/phpfm-1.7.2.%ZIP后缀%  <-->1
/phpfm-1.7.1.%ZIP后缀%  <-->1
/phpfm-1.6.1.%ZIP后缀%  <-->1
/templates_c.%ZIP后缀%  <-->1
/MemberLogin.%ZIP后缀%  <-->1
/controllers.%ZIP后缀%  <-->1
/mysql-admin.%ZIP后缀%  <-->1
/supervisord.%ZIP后缀%  <-->1
/mysql_debug.%ZIP后缀%  <-->1
/file_upload.%ZIP后缀%  <-->1
/simpleLogin.%ZIP后缀%  <-->1
/access_logs.%ZIP后缀%  <-->1
/admin_logon.%ZIP后缀%  <-->1
/admin_tools.%ZIP后缀%  <-->1
/server-info.%ZIP后缀%  <-->1
/bin-release.%ZIP后缀%  <-->1
/rpcwithcert.%ZIP后缀%  <-->1
/ASALocalRun.%ZIP后缀%  <-->1
/Super-Admin.%ZIP后缀%  <-->1
/resin-admin.%ZIP后缀%  <-->1
/jssresource.%ZIP后缀%  <-->1
/cpanel_file.%ZIP后缀%  <-->1
/Admin_Login.%ZIP后缀%  <-->1
/banneradmin.%ZIP后缀%  <-->1
/last-backup.%ZIP后缀%  <-->1
/last_backup.%ZIP后缀%  <-->1
/AppPackages.%ZIP后缀%  <-->1
/paket-files.%ZIP后缀%  <-->1
/login_admin.%ZIP后缀%  <-->1
/credentials.%ZIP后缀%  <-->1
/backups.inc.%ZIP后缀%  <-->1
/backups.sql.%ZIP后缀%  <-->1
/ConsoleHelp.%ZIP后缀%  <-->1
/adminmember.%ZIP后缀%  <-->1
/php-myadmin.%ZIP后缀%  <-->1
/DerivedData.%ZIP后缀%  <-->1
/platz_login.%ZIP后缀%  <-->1
/ExportedObj.%ZIP后缀%  <-->1
/FileHandler.%ZIP后缀%  <-->1
/logs_backup.%ZIP后缀%  <-->1
/maintenance.%ZIP后缀%  <-->1
/certcontrol.%ZIP后缀%  <-->1
/manuallogin.%ZIP后缀%  <-->1
/mcollective.%ZIP后缀%  <-->1
/memberadmin.%ZIP后缀%  <-->1
/__pycache__.%ZIP后缀%  <-->1
/memberlogin.%ZIP后缀%  <-->1
/artifactory.%ZIP后缀%  <-->1
/filemanager.%ZIP后缀%  <-->1
/asynchbeans.%ZIP后缀%  <-->1
/modelsearch.%ZIP后缀%  <-->1
/directadmin.%ZIP后缀%  <-->1
/WebResource.%ZIP后缀%  <-->1
/mysqldumper.%ZIP后缀%  <-->1
/back-office.%ZIP后缀%  <-->1
/development.%ZIP后缀%  <-->1
/backend_dev.%ZIP后缀%  <-->1
/uniform_pay.%ZIP后缀%  <-->1
/phpmoadmin.%ZIP后缀%  <-->1
/Indy_admin.%ZIP后缀%  <-->1
/phpadminmy.%ZIP后缀%  <-->1
/phpPgAdmin.%ZIP后缀%  <-->1
/iissamples.%ZIP后缀%  <-->1
/acct_login.%ZIP后缀%  <-->1
/adminLogin.%ZIP后缀%  <-->1
/_webalizer.%ZIP后缀%  <-->1
/admin_user.%ZIP后缀%  <-->1
/ip_configs.%ZIP后缀%  <-->1
/administer.%ZIP后缀%  <-->1
/administr8.%ZIP后缀%  <-->1
/access-log.%ZIP后缀%  <-->1
/components.%ZIP后缀%  <-->1
/kubernetes.%ZIP后缀%  <-->1
/formslogin.%ZIP后缀%  <-->1
/certenroll.%ZIP后缀%  <-->1
/adminitems.%ZIP后缀%  <-->1
/adminlogin.%ZIP后缀%  <-->1
/adminlogon.%ZIP后缀%  <-->1
/adminpanel.%ZIP后缀%  <-->1
/loginerror.%ZIP后缀%  <-->1
/checkstyle.%ZIP后缀%  <-->1
/supervisor.%ZIP后缀%  <-->1
/subversion.%ZIP后缀%  <-->1
/statystyka.%ZIP后缀%  <-->1
/statusicon.%ZIP后缀%  <-->1
/statistics.%ZIP后缀%  <-->1
/stackstorm.%ZIP后缀%  <-->1
/squid3_log.%ZIP后缀%  <-->1
/User_Login.%ZIP后缀%  <-->1
/backup.sql.%ZIP后缀%  <-->1
/mysqladmin.%ZIP后缀%  <-->1
/cmscockpit.%ZIP后缀%  <-->1
/user_login.%ZIP后缀%  <-->1
/user_admin.%ZIP后缀%  <-->1
/rgsclients.%ZIP后缀%  <-->1
/cbx-portal.%ZIP后缀%  <-->1
/StockQuote.%ZIP后缀%  <-->1
/monitoring.%ZIP后缀%  <-->1
/meta_login.%ZIP后缀%  <-->1
/admin-serv.%ZIP后缀%  <-->1
/AdminTools.%ZIP后缀%  <-->1
/db_backups.%ZIP后缀%  <-->1
/mattermost.%ZIP后缀%  <-->1
/Admin_user.%ZIP后缀%  <-->1
/news_admin.%ZIP后缀%  <-->1
/backoffice.%ZIP后缀%  <-->1
/newsletter.%ZIP后缀%  <-->1
/__recovery.%ZIP后缀%  <-->1
/remote_adm.%ZIP后缀%  <-->1
/affiliates.%ZIP后缀%  <-->1
/admin_area.%ZIP后缀%  <-->1
/User_Admin.%ZIP后缀%  <-->1
/backup.inc.%ZIP后缀%  <-->1
/prometheus.%ZIP后缀%  <-->1
/xcuserdata.%ZIP后缀%  <-->1
/ccp14admin.%ZIP后缀%  <-->1
/management.%ZIP后缀%  <-->1
/powershell.%ZIP后缀%  <-->1
/autoupdate.%ZIP后缀%  <-->1
/_funciones.%ZIP后缀%  <-->1
/power_user.%ZIP后缀%  <-->1
/capistrano.%ZIP后缀%  <-->1
/_functions.%ZIP后缀%  <-->1
/test-build.%ZIP后缀%  <-->1
/vmailadmin.%ZIP后缀%  <-->1
/News_Admin.%ZIP后缀%  <-->1
/downloader.%ZIP后缀%  <-->1
/phymyadmin.%ZIP后缀%  <-->1
/phpsysinfo.%ZIP后缀%  <-->1
/phpsecinfo.%ZIP后缀%  <-->1
/violations.%ZIP后缀%  <-->1
/phppgadmin.%ZIP后缀%  <-->1
/loginsuper.%ZIP后缀%  <-->1
/mutillidae.%ZIP后缀%  <-->1
/phpmyredis.%ZIP后缀%  <-->1
/phpMoAdmin.%ZIP后缀%  <-->1
/Greenhouse.%ZIP后缀%  <-->1
/azureadmin.%ZIP后缀%  <-->1
/Admin_Bak.%ZIP后缀%  <-->1
/CHANGELOG.%ZIP后缀%  <-->1
/Classpath.%ZIP后缀%  <-->1
/ClientBin.%ZIP后缀%  <-->1
/NewsAdmin.%ZIP后缀%  <-->1
/OpenCover.%ZIP后缀%  <-->1
/QuickLook.%ZIP后缀%  <-->1
/SourceArt.%ZIP后缀%  <-->1
/Statistik.%ZIP后缀%  <-->1
/Sys_Login.%ZIP后缀%  <-->1
/UserFiles.%ZIP后缀%  <-->1
/UserLogin.%ZIP后缀%  <-->1
/Webalizer.%ZIP后缀%  <-->1
/Wordpress.%ZIP后缀%  <-->1
/__history.%ZIP后缀%  <-->1
/_function.%ZIP后缀%  <-->1
/_includes.%ZIP后缀%  <-->1
/_privados.%ZIP后缀%  <-->1
/accesslog.%ZIP后缀%  <-->1
/admin-dev.%ZIP后缀%  <-->1
/admin_bak.%ZIP后缀%  <-->1
/adminarea.%ZIP后缀%  <-->1
/adminitem.%ZIP后缀%  <-->1
/adminsite.%ZIP后缀%  <-->1
/adsamples.%ZIP后缀%  <-->1
/artifacts.%ZIP后缀%  <-->1
/authadmin.%ZIP后缀%  <-->1
/autologin.%ZIP后缀%  <-->1
/backup123.%ZIP后缀%  <-->1
/bandwidth.%ZIP后缀%  <-->1
/bin-debug.%ZIP后缀%  <-->1
/blogindex.%ZIP后缀%  <-->1
/grappelli.%ZIP后缀%  <-->1
/cassandra.%ZIP后缀%  <-->1
/checkouts.%ZIP后缀%  <-->1
/cscockpit.%ZIP后缀%  <-->1
/dashboard.%ZIP后缀%  <-->1
/db_backup.%ZIP后缀%  <-->1
/developer.%ZIP后缀%  <-->1
/dir-login.%ZIP后缀%  <-->1
/downloads.%ZIP后缀%  <-->1
/fake-eggs.%ZIP后缀%  <-->1
/fckstyles.%ZIP后缀%  <-->1
/fileadmin.%ZIP后缀%  <-->1
/iiasdmpwd.%ZIP后缀%  <-->1
/instadmin.%ZIP后缀%  <-->1
/libraries.%ZIP后缀%  <-->1
/login_out.%ZIP后缀%  <-->1
/loginflat.%ZIP后缀%  <-->1
/loginsave.%ZIP后缀%  <-->1
/memcached.%ZIP后缀%  <-->1
/mercurial.%ZIP后缀%  <-->1
/moderator.%ZIP后缀%  <-->1
/mw-config.%ZIP后缀%  <-->1
/myconfigs.%ZIP后缀%  <-->1
/naginator.%ZIP后缀%  <-->1
/nbproject.%ZIP后缀%  <-->1
/nextcloud.%ZIP后缀%  <-->1
/openshift.%ZIP后缀%  <-->1
/openstack.%ZIP后缀%  <-->1
/pagerduty.%ZIP后缀%  <-->1
/phpMyAdmi.%ZIP后缀%  <-->1
/phpfm-1.7.%ZIP后缀%  <-->1
/phpredmin.%ZIP后缀%  <-->1
/pureadmin.%ZIP后缀%  <-->1
/radmind-1.%ZIP后缀%  <-->1
/resin-doc.%ZIP后缀%  <-->1
/resources.%ZIP后缀%  <-->1
/rest-auth.%ZIP后缀%  <-->1
/rsconnect.%ZIP后缀%  <-->1
/saltstack.%ZIP后缀%  <-->1
/scheduler.%ZIP后缀%  <-->1
/shopadmin.%ZIP后缀%  <-->1
/showlogin.%ZIP后缀%  <-->1
/siteadmin.%ZIP后缀%  <-->1
/sonarcube.%ZIP后缀%  <-->1
/sonarqube.%ZIP后缀%  <-->1
/sql-admin.%ZIP后缀%  <-->1
/staradmin.%ZIP后缀%  <-->1
/sub-login.%ZIP后缀%  <-->1
/superuser.%ZIP后缀%  <-->1
/supervise.%ZIP后缀%  <-->1
/surgemail.%ZIP后缀%  <-->1
/sys-admin.%ZIP后缀%  <-->1
/sys_login.%ZIP后缀%  <-->1
/sysadmins.%ZIP后缀%  <-->1
/templates.%ZIP后缀%  <-->1
/typo3temp.%ZIP后缀%  <-->1
/uc_server.%ZIP后缀%  <-->1
/uploadify.%ZIP后缀%  <-->1
/usagedata.%ZIP后缀%  <-->1
/useradmin.%ZIP后缀%  <-->1
/userfiles.%ZIP后缀%  <-->1
/vignettes.%ZIP后缀%  <-->1
/vtigercrm.%ZIP后缀%  <-->1
/webticket.%ZIP后缀%  <-->1
/petstore.%ZIP后缀%  <-->1
/Logfiles.%ZIP后缀%  <-->1
/certprov.%ZIP后缀%  <-->1
/kairosdb.%ZIP后缀%  <-->1
/graphiql.%ZIP后缀%  <-->1
/graphite.%ZIP后缀%  <-->1
/graphlot.%ZIP后缀%  <-->1
/_vti_adm.%ZIP后缀%  <-->1
/bigadmin.%ZIP后缀%  <-->1
/tiny_mce.%ZIP后缀%  <-->1
/activemq.%ZIP后缀%  <-->1
/logstash.%ZIP后缀%  <-->1
/personal.%ZIP后缀%  <-->1
/MANIFEST.%ZIP后缀%  <-->1
/handlers.%ZIP后缀%  <-->1
/java-sys.%ZIP后缀%  <-->1
/META-INF.%ZIP后缀%  <-->1
/symphony.%ZIP后缀%  <-->1
/jscripts.%ZIP后缀%  <-->1
/phpadmin.%ZIP后缀%  <-->1
/phpThumb.%ZIP后缀%  <-->1
/usuarios.%ZIP后缀%  <-->1
/cmsadmin.%ZIP后缀%  <-->1
/sshadmin.%ZIP后缀%  <-->1
/owncloud.%ZIP后缀%  <-->1
/Makefile.%ZIP后缀%  <-->1
/teraform.%ZIP后缀%  <-->1
/phpMyAds.%ZIP后缀%  <-->1
/cmsample.%ZIP后缀%  <-->1
/iisadmin.%ZIP后缀%  <-->1
/_private.%ZIP后缀%  <-->1
/_vti_txt.%ZIP后缀%  <-->1
/_layouts.%ZIP后缀%  <-->1
/_vti_pvt.%ZIP后缀%  <-->1
/Micros~1.%ZIP后缀%  <-->1
/_include.%ZIP后缀%  <-->1
/influxdb.%ZIP后缀%  <-->1
/_awstats.%ZIP后缀%  <-->1
/_vti_log.%ZIP后缀%  <-->1
/_vti_cnf.%ZIP后缀%  <-->1
/install~.%ZIP后缀%  <-->1
/instance.%ZIP后缀%  <-->1
/_vti_bin.%ZIP后缀%  <-->1
/operador.%ZIP后缀%  <-->1
/username.%ZIP后缀%  <-->1
/_vti_aut.%ZIP后缀%  <-->1
/tripwire.%ZIP后缀%  <-->1
/wwwboard.%ZIP后缀%  <-->1
/www-test.%ZIP后缀%  <-->1
/db-admin.%ZIP后缀%  <-->1
/osticket.%ZIP后缀%  <-->1
/webstats.%ZIP后缀%  <-->1
/sysadmin.%ZIP后缀%  <-->1
/irequest.%ZIP后缀%  <-->1
/ur-admin.%ZIP后缀%  <-->1
/webadmin.%ZIP后缀%  <-->1
/operator.%ZIP后缀%  <-->1
/_WEB_INF.%ZIP后缀%  <-->1
/uploader.%ZIP后缀%  <-->1
/uploaded.%ZIP后缀%  <-->1
/superman.%ZIP后缀%  <-->1
/pbmadmin.%ZIP后缀%  <-->1
/venv.bak.%ZIP后缀%  <-->1
/kcfinder.%ZIP后缀%  <-->1
/macadmin.%ZIP后缀%  <-->1
/sqlbuddy.%ZIP后缀%  <-->1
/sqladmin.%ZIP后缀%  <-->1
/memlogin.%ZIP后缀%  <-->1
/coverage.%ZIP后缀%  <-->1
/cover_db.%ZIP后缀%  <-->1
/smblogin.%ZIP后缀%  <-->1
/site-log.%ZIP后缀%  <-->1
/opentsdb.%ZIP后缀%  <-->1
/old_site.%ZIP后缀%  <-->1
/bb-admin.%ZIP后缀%  <-->1
/_privado.%ZIP后缀%  <-->1
/memcache.%ZIP后缀%  <-->1
/sessions.%ZIP后缀%  <-->1
/nimcache.%ZIP后缀%  <-->1
/servlets.%ZIP后缀%  <-->1
/services.%ZIP后缀%  <-->1
/selenium.%ZIP后缀%  <-->1
/security.%ZIP后缀%  <-->1
/db_mysql.%ZIP后缀%  <-->1
/dbbackup.%ZIP后缀%  <-->1
/0manager.%ZIP后缀%  <-->1
/rest-api.%ZIP后缀%  <-->1
/back-end.%ZIP后缀%  <-->1
/b2badmin.%ZIP后缀%  <-->1
/dhcp_log.%ZIP后缀%  <-->1
/captures.%ZIP后缀%  <-->1
/registry.%ZIP后缀%  <-->1
/Binaries.%ZIP后缀%  <-->1
/ckfinder.%ZIP后缀%  <-->1
/doctrine.%ZIP后缀%  <-->1
/dokuwiki.%ZIP后缀%  <-->1
/asterisk.%ZIP后缀%  <-->1
/dump.inc.%ZIP后缀%  <-->1
/SysAdmin.%ZIP后缀%  <-->1
/collectl.%ZIP后缀%  <-->1
/rabbitmq.%ZIP后缀%  <-->1
/collectd.%ZIP后缀%  <-->1
/elfinder.%ZIP后缀%  <-->1
/proguard.%ZIP后缀%  <-->1
/archives.%ZIP后缀%  <-->1
/printenv.%ZIP后缀%  <-->1
/listinfo.%ZIP后缀%  <-->1
/adminpro.%ZIP后缀%  <-->1
/pmyadmin.%ZIP后缀%  <-->1
/examples.%ZIP后缀%  <-->1
/exchange.%ZIP后缀%  <-->1
/_funcion.%ZIP后缀%  <-->1
/log_data.%ZIP后缀%  <-->1
/Exchange.%ZIP后缀%  <-->1
/_fpclass.%ZIP后缀%  <-->1
/codeship.%ZIP后缀%  <-->1
/_mem_bin.%ZIP后缀%  <-->1
/login-us.%ZIP后缀%  <-->1
/centreon.%ZIP后缀%  <-->1
/filedump.%ZIP后缀%  <-->1
/admin%20.%ZIP后缀%  <-->1
/findbugs.%ZIP后缀%  <-->1
/fpsample.%ZIP后缀%  <-->1
/freeline.%ZIP后缀%  <-->1
/gameroot.%ZIP后缀%  <-->1
/login_db.%ZIP后缀%  <-->1
/support.%ZIP后缀%  <-->1
/banners.%ZIP后缀%  <-->1
/storage.%ZIP后缀%  <-->1
/srv_gen.%ZIP后缀%  <-->1
/LICENSE.%ZIP后缀%  <-->1
/grafana.%ZIP后缀%  <-->1
/sqlconf.%ZIP后缀%  <-->1
/graphql.%ZIP后缀%  <-->1
/graylog.%ZIP后缀%  <-->1
/WebRoot.%ZIP后缀%  <-->1
/account.%ZIP后缀%  <-->1
/convert.%ZIP后缀%  <-->1
/haproxy.%ZIP后缀%  <-->1
/sitemap.%ZIP后缀%  <-->1
/certsrv.%ZIP后缀%  <-->1
/signout.%ZIP后缀%  <-->1
/sign_in.%ZIP后缀%  <-->1
/sign-in.%ZIP后缀%  <-->1
/htmlcov.%ZIP后缀%  <-->1
/loginok.%ZIP后缀%  <-->1
/control.%ZIP后缀%  <-->1
/Mercury.%ZIP后缀%  <-->1
/moadmin.%ZIP后缀%  <-->1
/setting.%ZIP后缀%  <-->1
/iishelp.%ZIP后缀%  <-->1
/_yardoc.%ZIP后缀%  <-->1
/session.%ZIP后缀%  <-->1
/uploadd.%ZIP后缀%  <-->1
/metrics.%ZIP后缀%  <-->1
/layouts.%ZIP后缀%  <-->1
/php-fpm.%ZIP后缀%  <-->1
/init_db.%ZIP后缀%  <-->1
/php-bin.%ZIP后缀%  <-->1
/selDept.%ZIP后缀%  <-->1
/wwwlogs.%ZIP后缀%  <-->1
/cadmins.%ZIP后缀%  <-->1
/backup2.%ZIP后缀%  <-->1
/db_init.%ZIP后缀%  <-->1
/dbadmin.%ZIP后缀%  <-->1
/sectool.%ZIP后缀%  <-->1
/webstat.%ZIP后缀%  <-->1
/cliente.%ZIP后缀%  <-->1
/secring.%ZIP后缀%  <-->1
/letmein.%ZIP后缀%  <-->1
/secrets.%ZIP后缀%  <-->1
/content.%ZIP后缀%  <-->1
/samples.%ZIP后缀%  <-->1
/sysinfo.%ZIP后缀%  <-->1
/bbadmin.%ZIP后缀%  <-->1
/SqlConf.%ZIP后缀%  <-->1
/webmail.%ZIP后缀%  <-->1
/desktop.%ZIP后缀%  <-->1
/weblogs.%ZIP后缀%  <-->1
/backup1.%ZIP后缀%  <-->1
/backup0.%ZIP后缀%  <-->1
/configs.%ZIP后缀%  <-->1
/backend.%ZIP后缀%  <-->1
/datadog.%ZIP后缀%  <-->1
/pgadmin.%ZIP后缀%  <-->1
/awstats.%ZIP后缀%  <-->1
/BigDump.%ZIP后缀%  <-->1
/df_main.%ZIP后缀%  <-->1
/netdata.%ZIP后缀%  <-->1
/billing.%ZIP后缀%  <-->1
/version.%ZIP后缀%  <-->1
/vendors.%ZIP后缀%  <-->1
/variant.%ZIP后缀%  <-->1
/redmine.%ZIP后缀%  <-->1
/vagrant.%ZIP后缀%  <-->1
/rcjakar.%ZIP后缀%  <-->1
/vadmind.%ZIP后缀%  <-->1
/uvpanel.%ZIP后缀%  <-->1
/browser.%ZIP后缀%  <-->1
/_thumbs.%ZIP后缀%  <-->1
/rcLogin.%ZIP后缀%  <-->1
/radmind.%ZIP后缀%  <-->1
/usuario.%ZIP后缀%  <-->1
/elastic.%ZIP后缀%  <-->1
/publish.%ZIP后缀%  <-->1
/project.%ZIP后缀%  <-->1
/usr-bin.%ZIP后缀%  <-->1
/archi~1.%ZIP后缀%  <-->1
/program.%ZIP后缀%  <-->1
/liferay.%ZIP后缀%  <-->1
/answers.%ZIP后缀%  <-->1
/ansible.%ZIP后缀%  <-->1
/private.%ZIP后缀%  <-->1
/linkhub.%ZIP后缀%  <-->1
/msg_gen.%ZIP后缀%  <-->1
/pentaho.%ZIP后缀%  <-->1
/adminer.%ZIP后缀%  <-->1
/admincp.%ZIP后缀%  <-->1
/env.bak.%ZIP后缀%  <-->1
/mongodb.%ZIP后缀%  <-->1
/plugins.%ZIP后缀%  <-->1
/__cache.%ZIP后缀%  <-->1
/Exadmin.%ZIP后缀%  <-->1
/jolokia.%ZIP后缀%  <-->1
/exchweb.%ZIP后缀%  <-->1
/upguard.%ZIP后缀%  <-->1
/ExchWeb.%ZIP后缀%  <-->1
/uddigui.%ZIP后缀%  <-->1
/ucenter.%ZIP后缀%  <-->1
/loggers.%ZIP后缀%  <-->1
/phproad.%ZIP后缀%  <-->1
/typings.%ZIP后缀%  <-->1
/tinymce.%ZIP后缀%  <-->1
/filerun.%ZIP后缀%  <-->1
/sysstat.%ZIP后缀%  <-->1
/phpmyad.%ZIP后缀%  <-->1
/adm-bin.%ZIP后缀%  <-->1
/meeting.%ZIP后缀%  <-->1
/fpadmin.%ZIP后缀%  <-->1
/jviewer.%ZIP后缀%  <-->1
/sys_log.%ZIP后缀%  <-->1
/INSTALL.%ZIP后缀%  <-->1
/funcion.%ZIP后缀%  <-->1
/galeria.%ZIP后缀%  <-->1
/gamelog.%ZIP后缀%  <-->1
/symfony.%ZIP后缀%  <-->1
/ganglia.%ZIP后缀%  <-->1
/gateway.%ZIP后缀%  <-->1
/Include.%ZIP后缀%  <-->1
/phpinfo.%ZIP后缀%  <-->1
/modules.%ZIP后缀%  <-->1
/Install.%ZIP后缀%  <-->1
/sentry.%ZIP后缀%  <-->1
/shopdb.%ZIP后缀%  <-->1
/signin.%ZIP后缀%  <-->1
/simple.%ZIP后缀%  <-->1
/splunk.%ZIP后缀%  <-->1
/sqlweb.%ZIP后缀%  <-->1
/statsd.%ZIP后缀%  <-->1
/cpanel.%ZIP后缀%  <-->1
/super1.%ZIP后缀%  <-->1
/banner.%ZIP后缀%  <-->1
/sxdpro.%ZIP后缀%  <-->1
/sysadm.%ZIP后缀%  <-->1
/zipkin.%ZIP后缀%  <-->1
/syslog.%ZIP后缀%  <-->1
/system.%ZIP后缀%  <-->1
/target.%ZIP后缀%  <-->1
/themes.%ZIP后缀%  <-->1
/thumbs.%ZIP后缀%  <-->1
/trivia.%ZIP后缀%  <-->1
/custom.%ZIP后缀%  <-->1
/bamboo.%ZIP后缀%  <-->1
/caches.%ZIP后缀%  <-->1
/vtiger.%ZIP后缀%  <-->1
/webdav.%ZIP后缀%  <-->1
/weblog.%ZIP后缀%  <-->1
/webmin.%ZIP后缀%  <-->1
/websql.%ZIP后缀%  <-->1
/wheels.%ZIP后缀%  <-->1
/wwwlog.%ZIP后缀%  <-->1
/xlogin.%ZIP后缀%  <-->1
/xmlrpc.%ZIP后缀%  <-->1
/zabbix.%ZIP后缀%  <-->1
/zimbra.%ZIP后缀%  <-->1
/dbdump.%ZIP后缀%  <-->1
/dbinit.%ZIP后缀%  <-->1
/denglu.%ZIP后缀%  <-->1
/dialin.%ZIP后缀%  <-->1
/docker.%ZIP后缀%  <-->1
/dumper.%ZIP后缀%  <-->1
/apache.%ZIP后缀%  <-->1
/admrev.%ZIP后缀%  <-->1
/admpar.%ZIP后缀%  <-->1
/admins.%ZIP后缀%  <-->1
/errors.%ZIP后缀%  <-->1
/events.%ZIP后缀%  <-->1
/admin_.%ZIP后缀%  <-->1
/export.%ZIP后缀%  <-->1
/admin5.%ZIP后缀%  <-->1
/fabric.%ZIP后缀%  <-->1
/admin4.%ZIP后缀%  <-->1
/admin3.%ZIP后缀%  <-->1
/forums.%ZIP后缀%  <-->1
/github.%ZIP后缀%  <-->1
/gitlab.%ZIP后缀%  <-->1
/gradle.%ZIP后缀%  <-->1
/groovy.%ZIP后缀%  <-->1
/aadmin.%ZIP后缀%  <-->1
/hudson.%ZIP后缀%  <-->1
/icinga.%ZIP后缀%  <-->1
/import.%ZIP后缀%  <-->1
/index1.%ZIP后缀%  <-->1
/index2.%ZIP后缀%  <-->1
/bitrix.%ZIP后缀%  <-->1
/is-bin.%ZIP后缀%  <-->1
/ispmgr.%ZIP后缀%  <-->1
/jacoco.%ZIP后缀%  <-->1
/kpanel.%ZIP后缀%  <-->1
/ku8cmd.%ZIP后缀%  <-->1
/_priv8.%ZIP后缀%  <-->1
/_notes.%ZIP后缀%  <-->1
/log-in.%ZIP后缀%  <-->1
/log_in.%ZIP后缀%  <-->1
/login1.%ZIP后缀%  <-->1
/logout.%ZIP后缀%  <-->1
/_cache.%ZIP后缀%  <-->1
/_build.%ZIP后缀%  <-->1
/_admin.%ZIP后缀%  <-->1
/metric.%ZIP后缀%  <-->1
/mirror.%ZIP后缀%  <-->1
/WS_FTP.%ZIP后缀%  <-->1
/citrix.%ZIP后缀%  <-->1
/myfile.%ZIP后缀%  <-->1
/newbbs.%ZIP后缀%  <-->1
/Server.%ZIP后缀%  <-->1
/Secret.%ZIP后缀%  <-->1
/notify.%ZIP后缀%  <-->1
/Script.%ZIP后缀%  <-->1
/painel.%ZIP后缀%  <-->1
/README.%ZIP后缀%  <-->1
/Public.%ZIP后缀%  <-->1
/PSUser.%ZIP后缀%  <-->1
/Office.%ZIP后缀%  <-->1
/Mkfile.%ZIP后缀%  <-->1
/phpMyA.%ZIP后缀%  <-->1
/phpini.%ZIP后缀%  <-->1
/phpmem.%ZIP后缀%  <-->1
/GEMINI.%ZIP后缀%  <-->1
/piwigo.%ZIP后缀%  <-->1
/portal.%ZIP后缀%  <-->1
/Citrix.%ZIP后缀%  <-->1
/pstock.%ZIP后缀%  <-->1
/puppet.%ZIP后缀%  <-->1
/radius.%ZIP后缀%  <-->1
/raygun.%ZIP后缀%  <-->1
/BackUp.%ZIP后缀%  <-->1
/Admin1.%ZIP后缀%  <-->1
/beheer.%ZIP后缀%  <-->1
/0admin.%ZIP后缀%  <-->1
/rudder.%ZIP后缀%  <-->1
/consul.%ZIP后缀%  <-->1
/sample.%ZIP后缀%  <-->1
/scalyr.%ZIP后缀%  <-->1
/search.%ZIP后缀%  <-->1
/secret.%ZIP后缀%  <-->1
/secure.%ZIP后缀%  <-->1
/mesos.%ZIP后缀%  <-->1
/HNAP1.%ZIP后缀%  <-->1
/Local.%ZIP后缀%  <-->1
/share.%ZIP后缀%  <-->1
/isapi.%ZIP后缀%  <-->1
/Xampp.%ZIP后缀%  <-->1
/dbase.%ZIP后缀%  <-->1
/piwik.%ZIP后缀%  <-->1
/qq123.%ZIP后缀%  <-->1
/lists.%ZIP后缀%  <-->1
/Users.%ZIP后缀%  <-->1
/query.%ZIP后缀%  <-->1
/Mysql.%ZIP后缀%  <-->1
/dbweb.%ZIP后缀%  <-->1
/extjs.%ZIP后缀%  <-->1
/sized.%ZIP后缀%  <-->1
/sdist.%ZIP后缀%  <-->1
/phpMy.%ZIP后缀%  <-->1
/demos.%ZIP后缀%  <-->1
/devel.%ZIP后缀%  <-->1
/iesvc.%ZIP后缀%  <-->1
/_eumm.%ZIP后缀%  <-->1
/monit.%ZIP后缀%  <-->1
/dblog.%ZIP后缀%  <-->1
/sonar.%ZIP后缀%  <-->1
/dumps.%ZIP后缀%  <-->1
/myadm.%ZIP后缀%  <-->1
/Saved.%ZIP后缀%  <-->1
/dbfix.%ZIP后缀%  <-->1
/rsync.%ZIP后缀%  <-->1
/_site.%ZIP后缀%  <-->1
/msadc.%ZIP后缀%  <-->1
/phpfm.%ZIP后缀%  <-->1
/_temp.%ZIP后缀%  <-->1
/pages.%ZIP后缀%  <-->1
/Admin.%ZIP后缀%  <-->1
/Redis.%ZIP后缀%  <-->1
/panel.%ZIP后缀%  <-->1
/phpmy.%ZIP后缀%  <-->1
/parts.%ZIP后缀%  <-->1
/snort.%ZIP后缀%  <-->1
/_data.%ZIP后缀%  <-->1
/sensu.%ZIP后缀%  <-->1
/snoop.%ZIP后缀%  <-->1
/Login.%ZIP后缀%  <-->1
/flash.%ZIP后缀%  <-->1
/pprof.%ZIP后缀%  <-->1
/agent.%ZIP后缀%  <-->1
/Cacti.%ZIP后缀%  <-->1
/mssql.%ZIP后缀%  <-->1
/email.%ZIP后缀%  <-->1
/munin.%ZIP后缀%  <-->1
/debug.%ZIP后缀%  <-->1
/CFIDE.%ZIP后缀%  <-->1
/_logs.%ZIP后缀%  <-->1
/mongo.%ZIP后缀%  <-->1
/maven.%ZIP后缀%  <-->1
/squid.%ZIP后缀%  <-->1
/staff.%ZIP后缀%  <-->1
/stash.%ZIP后缀%  <-->1
/lib64.%ZIP后缀%  <-->1
/craft.%ZIP后缀%  <-->1
/maint.%ZIP后缀%  <-->1
/sxd20.%ZIP后缀%  <-->1
/crond.%ZIP后缀%  <-->1
/nginx.%ZIP后缀%  <-->1
/tasks.%ZIP后缀%  <-->1
/tests.%ZIP后缀%  <-->1
/_novo.%ZIP后缀%  <-->1
/nimda.%ZIP后缀%  <-->1
/nohup.%ZIP后缀%  <-->1
/tsweb.%ZIP后缀%  <-->1
/typo3.%ZIP后缀%  <-->1
/magmi.%ZIP后缀%  <-->1
/usage.%ZIP后缀%  <-->1
/vault.%ZIP后缀%  <-->1
/vorod.%ZIP后缀%  <-->1
/vorud.%ZIP后缀%  <-->1
/kuber.%ZIP后缀%  <-->1
/webdb.%ZIP后缀%  <-->1
/cloud.%ZIP后缀%  <-->1
/whmcs.%ZIP后缀%  <-->1
/_h5ai.%ZIP后缀%  <-->1
/kafka.%ZIP后缀%  <-->1
/junit.%ZIP后缀%  <-->1
/ajax.%ZIP后缀%  <-->1
/spec.%ZIP后缀%  <-->1
/Boss.%ZIP后缀%  <-->1
/shop.%ZIP后缀%  <-->1
/asps.%ZIP后缀%  <-->1
/eggs.%ZIP后缀%  <-->1
/sql2.%ZIP后缀%  <-->1
/sqli.%ZIP后缀%  <-->1
/bins.%ZIP后缀%  <-->1
/dvwa.%ZIP后缀%  <-->1
/stas.%ZIP后缀%  <-->1
/stat.%ZIP后缀%  <-->1
/otrs.%ZIP后缀%  <-->1
/auto.%ZIP后缀%  <-->1
/soft.%ZIP后缀%  <-->1
/rdoc.%ZIP后缀%  <-->1
/docs.%ZIP后缀%  <-->1
/sxd1.%ZIP后缀%  <-->1
/_inc.%ZIP后缀%  <-->1
/sxd3.%ZIP后缀%  <-->1
/news.%ZIP后缀%  <-->1
/path.%ZIP后缀%  <-->1
/dist.%ZIP后缀%  <-->1
/sync.%ZIP后缀%  <-->1
/cron.%ZIP后缀%  <-->1
/jira.%ZIP后缀%  <-->1
/Soft.%ZIP后缀%  <-->1
/ldap.%ZIP后缀%  <-->1
/logo.%ZIP后缀%  <-->1
/Site.%ZIP后缀%  <-->1
/java.%ZIP后缀%  <-->1
/team.%ZIP后缀%  <-->1
/blog.%ZIP后缀%  <-->1
/ipch.%ZIP后缀%  <-->1
/mail.%ZIP后缀%  <-->1
/Bank.%ZIP后缀%  <-->1
/repo.%ZIP后缀%  <-->1
/mics.%ZIP后缀%  <-->1
/boss.%ZIP后缀%  <-->1
/mifs.%ZIP后缀%  <-->1
/cert.%ZIP后缀%  <-->1
/base.%ZIP后缀%  <-->1
/uber.%ZIP后缀%  <-->1
/TEMP.%ZIP后缀%  <-->1
/ucwa.%ZIP后缀%  <-->1
/meet.%ZIP后缀%  <-->1
/buck.%ZIP后缀%  <-->1
/Logs.%ZIP后缀%  <-->1
/glpi.%ZIP后缀%  <-->1
/blib.%ZIP后缀%  <-->1
/Java.%ZIP后缀%  <-->1
/Temp.%ZIP后缀%  <-->1
/rest.%ZIP后缀%  <-->1
/ocsp.%ZIP后缀%  <-->1
/mima.%ZIP后缀%  <-->1
/phpm.%ZIP后缀%  <-->1
/func.%ZIP后缀%  <-->1
/venv.%ZIP后缀%  <-->1
/bamb.%ZIP后缀%  <-->1
/Http.%ZIP后缀%  <-->1
/desk.%ZIP后缀%  <-->1
/olap.%ZIP后缀%  <-->1
/User.%ZIP后缀%  <-->1
/mock.%ZIP后缀%  <-->1
/msql.%ZIP后缀%  <-->1
/dede.%ZIP后缀%  <-->1
/wget.%ZIP后缀%  <-->1
/kube.%ZIP后缀%  <-->1
/_log.%ZIP后缀%  <-->1
/wiki.%ZIP后缀%  <-->1
/Conf.%ZIP后缀%  <-->1
/chef.%ZIP后缀%  <-->1
/wwww.%ZIP后缀%  <-->1
/xslt.%ZIP后缀%  <-->1
/xsql.%ZIP后缀%  <-->1
/juju.%ZIP后缀%  <-->1
/OWA.%ZIP后缀%  <-->1
/OMA.%ZIP后缀%  <-->1
/svn.%ZIP后缀%  <-->1
/sxd.%ZIP后缀%  <-->1
/aaa.%ZIP后缀%  <-->1
/abs.%ZIP后缀%  <-->1
/hmc.%ZIP后缀%  <-->1
/hac.%ZIP后缀%  <-->1
/sym.%ZIP后缀%  <-->1
/Log.%ZIP后缀%  <-->1
/add.%ZIP后缀%  <-->1
/git.%ZIP后缀%  <-->1
/sys.%ZIP后缀%  <-->1
/crm.%ZIP后缀%  <-->1
/mcx.%ZIP后缀%  <-->1
/gen.%ZIP后缀%  <-->1
/Inc.%ZIP后缀%  <-->1
/cfg.%ZIP后缀%  <-->1
/nfs.%ZIP后缀%  <-->1
/FTP.%ZIP后缀%  <-->1
/tag.%ZIP后缀%  <-->1
/biy.%ZIP后缀%  <-->1
/bld.%ZIP后缀%  <-->1
/ext.%ZIP后缀%  <-->1
/ews.%ZIP后缀%  <-->1
/pkg.%ZIP后缀%  <-->1
/ENV.%ZIP后缀%  <-->1
/etc.%ZIP后缀%  <-->1
/env.%ZIP后缀%  <-->1
/apc.%ZIP后缀%  <-->1
/elk.%ZIP后缀%  <-->1
/CVS.%ZIP后缀%  <-->1
/prv.%ZIP后缀%  <-->1
/qql.%ZIP后缀%  <-->1
/ecp.%ZIP后缀%  <-->1
/ecf.%ZIP后缀%  <-->1
/txt.%ZIP后缀%  <-->1
/ray.%ZIP后缀%  <-->1
/csx.%ZIP后缀%  <-->1
/aws.%ZIP后缀%  <-->1
/ctc.%ZIP后缀%  <-->1
/Bak.%ZIP后缀%  <-->1
/msg.%ZIP后缀%  <-->1
/Adm.%ZIP后缀%  <-->1
/rgs.%ZIP后缀%  <-->1
/rpc.%ZIP后缀%  <-->1
/run.%ZIP后缀%  <-->1
/s21.%ZIP后缀%  <-->1
/sbt.%ZIP后缀%  <-->1
/sdk.%ZIP后缀%  <-->1
/db1.%ZIP后缀%  <-->1
/sem.%ZIP后缀%  <-->1
/nsw.%ZIP后缀%  <-->1
/rcf.%ZIP后缀%  <-->1
/oab.%ZIP后缀%  <-->1
/cvs.%ZIP后缀%  <-->1
/obj.%ZIP后缀%  <-->1
/Tmp.%ZIP后缀%  <-->1
/usr.%ZIP后缀%  <-->1
/sip.%ZIP后缀%  <-->1
/smf.%ZIP后缀%  <-->1
/s22.%ZIP后缀%  <-->1
/var.%ZIP后缀%  <-->1
/vpn.%ZIP后缀%  <-->1
/srv.%ZIP后缀%  <-->1
/ssh.%ZIP后缀%  <-->1
/ssl.%ZIP后缀%  <-->1
/opc.%ZIP后缀%  <-->1
/cms.%ZIP后缀%  <-->1
/out.%ZIP后缀%  <-->1
/owa.%ZIP后缀%  <-->1
/Sys.%ZIP后缀%  <-->1
/SVN.%ZIP后缀%  <-->1
/cli.%ZIP后缀%  <-->1
/lib.%ZIP后缀%  <-->1
/pbx.%ZIP后缀%  <-->1
/ivt.%ZIP后缀%  <-->1
/xls.%ZIP后缀%  <-->1
/xml.%ZIP后缀%  <-->1
/ini.%ZIP后缀%  <-->1
/xsl.%ZIP后缀%  <-->1
/ops.%ZIP后缀%  <-->1
/bf.%ZIP后缀%  <-->1
/qa.%ZIP后缀%  <-->1
/aa.%ZIP后缀%  <-->1
/cp.%ZIP后缀%  <-->1
/lg.%ZIP后缀%  <-->1
/ui.%ZIP后缀%  <-->1
/pp.%ZIP后缀%  <-->1
/in.%ZIP后缀%  <-->1
/My.%ZIP后缀%  <-->1
/ci.%ZIP后缀%  <-->1
/jk.%ZIP后缀%  <-->1
/gl.%ZIP后缀%  <-->1
/wg.%ZIP后缀%  <-->1
/xx.%ZIP后缀%  <-->1
/ab.%ZIP后缀%  <-->1
/lk.%ZIP后缀%  <-->1
/av.%ZIP后缀%  <-->1
/Q.%ZIP后缀%  <-->1
/p.%ZIP后缀%  <-->1
/T.%ZIP后缀%  <-->1
/q.%ZIP后缀%  <-->1
