/%ACTUATOR-PROJECT%/lastn  <-->10
/%ACTUATOR-PROJECT%/#/wallboard  <-->10
/%ACTUATOR-PROJECT%/  <-->10
/%ACTUATOR-PROJECT%  <-->10
/%ACTUATOR-PROJECT%/info  <-->10
/%ACTUATOR-PROJECT%/health/  <-->10
/%ACTUATOR-PROJECT%/health  <-->10
/%ACTUATOR-PROJECT%/features  <-->10
/%ACTUATOR-PROJECT%/metrics/  <-->10
/%ACTUATOR-PROJECT%/loggers/  <-->10
/%ACTUATOR-PROJECT%/httptrace/  <-->10
/%ACTUATOR-PROJECT%/metrics  <-->10
/%ACTUATOR-PROJECT%/loggers  <-->10
/%ACTUATOR-PROJECT%/httptrace  <-->10
/%ACTUATOR-PROJECT%/env  <-->10
/%ACTUATOR-PROJECT%/env/java.home  <-->10
/%ACTUATOR-PROJECT%/auditevents  <-->10
/%ACTUATOR-PROJECT%/beans  <-->10
/%ACTUATOR-PROJECT%/mappings  <-->10
/%ACTUATOR-PROJECT%/conditions  <-->10
/%ACTUATOR-PROJECT%/threaddump  <-->10
/%ACTUATOR-PROJECT%/scheduledtasks  <-->10
/%ACTUATOR-PROJECT%/heapdump  <-->10
/%ACTUATOR-PROJECT%/configprops  <-->10
/%ACTUATOR-PROJECT%/loggers/nacos  <-->10
/%ACTUATOR-PROJECT%/archaius  <-->10
/%ACTUATOR-PROJECT%/env/  <-->10
/%ACTUATOR-PROJECT%/trace/  <-->10
/%ACTUATOR-PROJECT%/trace  <-->10
/%ACTUATOR-PROJECT%/autoconfig  <-->10
/%ACTUATOR-PROJECT%/dump  <-->10
/%ACTUATOR-PROJECT%/metrics/mem  <-->10
/%ACTUATOR-PROJECT%/caches  <-->10
/%ACTUATOR-PROJECT%/heapdump.json  <-->10
/%ACTUATOR-PROJECT%/service-registry  <-->10
/%ACTUATOR-PROJECT%/api/v1/  <-->10
/%ACTUATOR-PROJECT%/api/v3  <-->10
/%ACTUATOR-PROJECT%/prometheus  <-->10
/%ACTUATOR-PROJECT%/api/apidocs  <-->10
/%ACTUATOR-PROJECT%/api/v1/login  <-->10
/%ACTUATOR-PROJECT%/hystrix  <-->10
/%ACTUATOR-PROJECT%/api/doc  <-->10
/%ACTUATOR-PROJECT%/api/v2  <-->10
/%ACTUATOR-PROJECT%/jolokia  <-->10
/%ACTUATOR-PROJECT%/jolokia/*  <-->10
/%ACTUATOR-PROJECT%/jolokia/list  <-->10
/%ACTUATOR-PROJECT%/api/v2/login  <-->10
/%ACTUATOR-PROJECT%/api/v2/apidocs  <-->10
/%ACTUATOR-PROJECT%/api/v1/apidocs  <-->10
/%ACTUATOR-PROJECT%/api/index.html  <-->10
/%ACTUATOR-PROJECT%/logfile  <-->10
/%ACTUATOR-PROJECT%/api  <-->10
/%ACTUATOR-PROJECT%/nacos-config  <-->10
/%ACTUATOR-PROJECT%/hystrix.stream  <-->10
/%ACTUATOR-PROJECT%/error  <-->10
/%ACTUATOR-PROJECT%/nacos-discovery  <-->10
/%ACTUATOR-PROJECT%/hystrix.stream/*  <-->10
/%ACTUATOR-PROJECT%/refresh  <-->10
/%ACTUATOR-PROJECT%/services  <-->10
/%ACTUATOR-PROJECT%/version  <-->10
