admin  <-->34
db  <-->14
upload  <-->13
bin  <-->12
template  <-->12
data  <-->12
database  <-->12
html  <-->12
config  <-->12
include  <-->11
user  <-->11
ftp  <-->11
beifen  <-->11
download  <-->11
upfile  <-->11
new  <-->11
backup  <-->10
back  <-->10
index  <-->10
main  <-->10
global  <-->10
includes  <-->10
common  <-->10
bak  <-->10
users  <-->10
sql  <-->10
bbs  <-->10
root  <-->10
userlist  <-->10
old  <-->10
archive  <-->10
backups  <-->10
code  <-->10
dump  <-->10
install  <-->10
_backup  <-->10
Release  <-->10
files  <-->10
WEB-INF  <-->10
mysql  <-->10
temp  <-->10
dev  <-->10
oa  <-->10
vip  <-->10
master  <-->10
manage  <-->10
err_log  <-->9
members  <-->9
conf  <-->9
package  <-->8
api  <-->8
jsp  <-->8
js  <-->8
login  <-->8
tmp  <-->7
bk  <-->7
log  <-->7
clients  <-->6
update  <-->6
setup  <-->6
logs  <-->6
demo  <-->6
app  <-->6
server  <-->6
Upload  <-->5
file  <-->5
auth  <-->5
Data  <-->5
local  <-->5
tools  <-->5
Member  <-->3
default  <-->3
databackup  <-->3
connectors  <-->2
pages  <-->2
site  <-->2
config.inc  <-->2
databak  <-->2
product  <-->1
cgi_bin  <-->1
system  <-->1
cache  <-->1
phpmyadmin  <-->1
info  <-->1
debug  <-->1
home  <-->1
databack  <-->1
net  <-->1
ftp1  <-->1
新建文件夹  <-->1
host  <-->1
access  <-->1
inc  <-->1
modules  <-->1
lib  <-->1
uploadfile  <-->1
images  <-->1
member  <-->1
manager  <-->1
scripts  <-->1
databases  <-->1
module  <-->1
sys  <-->1
docs  <-->1
sites  <-->1
down  <-->1
sdk  <-->1
adsystem  <-->1
shop  <-->1
web_admin  <-->1
example  <-->1
adm  <-->1
systems  <-->1
cms  <-->1
templates  <-->1
help  <-->1
apache  <-->1
dbfile  <-->1
db_userdata  <-->1
admincenter  <-->1
data.project  <-->1
connections  <-->1
control  <-->1
updates  <-->1
app_data  <-->1
work  <-->1
uploads  <-->1
soft  <-->1
cgi-bin  <-->1
localhost  <-->1
apps  <-->1
class  <-->1
aspnet_client  <-->1
plugins  <-->1
upload_files  <-->1
downloads  <-->1
uploadfiles  <-->1
doc  <-->1
content  <-->1
weihu  <-->1
about  <-->1
tool  <-->1
static  <-->1
public  <-->1
book  <-->1
services  <-->1
userfiles  <-->1
components  <-->1
project  <-->1
reports  <-->1
test  <-->1
syssite  <-->1
src  <-->1
resources  <-->1
sysmanager  <-->1
register  <-->1
filestorage  <-->1
source  <-->1
release  <-->1
weblogin  <-->1
cgi  <-->1
newweb  <-->1
oldweb  <-->1
system_web  <-->1
data_bak  <-->1
_database  <-->1
installation  <-->1
syssetup  <-->1
web_edu  <-->1
xiazai  <-->1
