/%SWAGGER-PROJECT%/%SWAGGER-VERSION%/swagger.json  <-->20
/%SWAGGER-PROJECT%/前台信息接口/swagger.json  <-->20
/{re=exrex:(|%SWAGGER-PROJECT%)}$/%SWAGGER-VERSION%/swagger-ui.json  <-->20
/{re=exrex:(|%SWAGGER-PROJECT%)}$/%SWAGGER-VERSION%/swagger.json  <-->20
/{re=exrex:(|%SWAGGER-PROJECT%)}$/api-docs/swagger.json  <-->20
/{re=exrex:(|%SWAGGER-PROJECT%)}$/api/%SWAGGER-VERSION%/swagger.json  <-->20
/{re=exrex:(|%SWAGGER-PROJECT%)}$/api/swagger-ui.json  <-->20
/{re=exrex:(|%SWAGGER-PROJECT%)}$/api/swagger.json  <-->20
/{re=exrex:(|%SWAGGER-PROJECT%)}$/apidocs/swagger.json  <-->20
/{re=exrex:(|%SWAGGER-PROJECT%)}$/static/swagger.json  <-->20
/{re=exrex:(|%SWAGGER-PROJECT%)}$/swagger-ui.json  <-->20
/{re=exrex:(|%SWAGGER-PROJECT%)}$/swagger-ui/swagger.json  <-->20
/{re=exrex:(|%SWAGGER-PROJECT%)}$/swagger.json  <-->20
/{re=exrex:(|%SWAGGER-PROJECT%)}$/swagger接口文档/swagger.json  <-->20
/{re=exrex:(|%SWAGGER-PROJECT%)}$/前台信息接口/swagger.json  <-->20
/%SWAGGER-PROJECT%/%SWAGGER-VERSION%/api-docs  <-->2
/%SWAGGER-PROJECT%/%SWAGGER-VERSION%/api-docs/swagger-ui.html  <-->2
/%SWAGGER-VERSION%/api-docs/swagger-ui.html  <-->2
/%SWAGGER-VERSION%/api-docs?group=swaggers说明文档.html  <-->2
/api/%SWAGGER-VERSION%/{re=exrex:(|%SWAGGER-PROJECT%)}$/  <-->2
/api/%SWAGGER-VERSION%/{re=exrex:(|%SWAGGER-PROJECT%)}$/ui  <-->2
/api/%SWAGGER-VERSION%/{re=exrex:(|%SWAGGER-PROJECT%)}$/ui.html  <-->2
/api/{re=exrex:(|%SWAGGER-PROJECT%)}$/  <-->2
/api/{re=exrex:(|%SWAGGER-PROJECT%)}$/ui  <-->2
/api/{re=exrex:(|%SWAGGER-PROJECT%)}$/ui.html  <-->2
/{re=exrex:(|%SWAGGER-PROJECT%)}$  <-->2
/{re=exrex:(|%SWAGGER-PROJECT%)}$/  <-->2
/{re=exrex:(|%SWAGGER-PROJECT%)}$/%20/swagger-ui.html  <-->2
/{re=exrex:(|%SWAGGER-PROJECT%)}$/%SWAGGER-PROJECT%/api-docs  <-->2
/{re=exrex:(|%SWAGGER-PROJECT%)}$/%SWAGGER-VERSION%/api-docs?group=swaggers说明文档.html  <-->2
/{re=exrex:(|%SWAGGER-PROJECT%)}$/%SWAGGER-VERSION%/swagger  <-->2
/{re=exrex:(|%SWAGGER-PROJECT%)}$/%SWAGGER-VERSION%/swagger-resources  <-->2
/{re=exrex:(|%SWAGGER-PROJECT%)}$/%SWAGGER-VERSION%/swagger-ui  <-->2
/{re=exrex:(|%SWAGGER-PROJECT%)}$/%SWAGGER-VERSION%/swagger-ui.html  <-->2
/{re=exrex:(|%SWAGGER-PROJECT%)}$/%SWAGGER-VERSION%/swagger/  <-->2
/{re=exrex:(|%SWAGGER-PROJECT%)}$/admin/swagger-ui.html  <-->2
/{re=exrex:(|%SWAGGER-PROJECT%)}$/api-docs  <-->2
/{re=exrex:(|%SWAGGER-PROJECT%)}$/api/swagger  <-->2
/{re=exrex:(|%SWAGGER-PROJECT%)}$/api/swagger-resources  <-->2
/{re=exrex:(|%SWAGGER-PROJECT%)}$/api/swagger-ui  <-->2
/{re=exrex:(|%SWAGGER-PROJECT%)}$/api/swagger-ui.html  <-->2
/{re=exrex:(|%SWAGGER-PROJECT%)}$/api/swaggerui  <-->2
/{re=exrex:(|%SWAGGER-PROJECT%)}$/codes  <-->2
/{re=exrex:(|%SWAGGER-PROJECT%)}$/configuration/security  <-->2
/{re=exrex:(|%SWAGGER-PROJECT%)}$/configuration/ui  <-->2
/{re=exrex:(|%SWAGGER-PROJECT%)}$/index.html  <-->2
/{re=exrex:(|%SWAGGER-PROJECT%)}$/libs/swaggerui  <-->2
/{re=exrex:(|%SWAGGER-PROJECT%)}$/login/admin/swagger-ui.html  <-->2
/{re=exrex:(|%SWAGGER-PROJECT%)}$/oauth/token/list/api/swagger  <-->2
/{re=exrex:(|%SWAGGER-PROJECT%)}$/oauth/user/token/api/swagger-resources  <-->2
/{re=exrex:(|%SWAGGER-PROJECT%)}$/oauth/userinfo/api/swagger-ui.html  <-->2
/{re=exrex:(|%SWAGGER-PROJECT%)}$/peripheral/swagger-ui.html  <-->2
/{re=exrex:(|%SWAGGER-PROJECT%)}$/redis/memoryInfo/api/swaggerui  <-->2
/{re=exrex:(|%SWAGGER-PROJECT%)}$/static/index.html  <-->2
/{re=exrex:(|%SWAGGER-PROJECT%)}$/sw/swagger-ui.html  <-->2
/{re=exrex:(|%SWAGGER-PROJECT%)}$/swagger  <-->2
/{re=exrex:(|%SWAGGER-PROJECT%)}$/swagger-resources  <-->2
/{re=exrex:(|%SWAGGER-PROJECT%)}$/swagger-resources/static/  <-->2
/{re=exrex:(|%SWAGGER-PROJECT%)}$/swagger-resourcesce  <-->2
/{re=exrex:(|%SWAGGER-PROJECT%)}$/swagger-ui  <-->2
/{re=exrex:(|%SWAGGER-PROJECT%)}$/swagger-ui.html  <-->2
/{re=exrex:(|%SWAGGER-PROJECT%)}$/swagger-ui.html#  <-->2
/{re=exrex:(|%SWAGGER-PROJECT%)}$/swagger-ui/html  <-->2
/{re=exrex:(|%SWAGGER-PROJECT%)}$/swagger-ui/index.html  <-->2
/{re=exrex:(|%SWAGGER-PROJECT%)}$/swagger.yml  <-->2
/{re=exrex:(|%SWAGGER-PROJECT%)}$/swagger/codes  <-->2
/{re=exrex:(|%SWAGGER-PROJECT%)}$/swagger/index.html  <-->2
/{re=exrex:(|%SWAGGER-PROJECT%)}$/swagger/static/index.html  <-->2
/{re=exrex:(|%SWAGGER-PROJECT%)}$/template/swagger-ui.html  <-->2
/{re=exrex:(|%SWAGGER-PROJECT%)}$/ui  <-->2
/{re=exrex:(|%SWAGGER-PROJECT%)}$/ui/abp.swagger.js  <-->2
/{re=exrex:(|%SWAGGER-PROJECT%)}$/user/swagger-ui.html  <-->2
