/.htaccess  <-->1
/robots.txt  <-->1
/CHANGELOG.txt  <-->1
/INSTALL.txt  <-->1
/License.txt  <-->1
/MAINTAINERS.txt  <-->1
/README  <-->1
/README.MD  <-->1
/RELEASE_NOTES.txt  <-->1
/ReadMe.txt  <-->1
/Readme_CHS.txt  <-->1
/Readme_CHT.txt  <-->1
/data.txt  <-->1
/install.mysql.txt  <-->1
/install.pgsql.txt  <-->1
/install.txt  <-->1
/install_manifest.txt  <-->1
/key  <-->1
/key.txt  <-->1
/keys  <-->1
/log.txt  <-->1
/readme  <-->1
/升级.txt  <-->1
/升级包地址.txt  <-->1
/协议书.txt  <-->1
/安装.txt  <-->1
/安装说明.txt  <-->1
/安装说明书.txt  <-->1
/說明.txt  <-->1
/说明.txt  <-->1
/读我.txt  <-->1
/.bash_history  <-->1
/.bash_logout  <-->1
/.bash_profile  <-->1
/.bashrc  <-->1
/.history  <-->1
/.mysql_history  <-->1
/.rediscli_history  <-->1
/etc/hosts  <-->1
/etc/passwd  <-->1
/id_dsa  <-->1
/id_rsa  <-->1
/.ssh/authorized_keys  <-->1
/.ssh/id_dsa  <-->1
/.ssh/id_dsa.pub  <-->1
/.ssh/id_rsa  <-->1
/.ssh/id_rsa.pub  <-->1
/.ssh/known_hosts  <-->1
/.viminfo  <-->1
/.vimrc  <-->1
/.DS_Store/  <-->1
/.DS_Store/config  <-->1
/.DS_Store/LICENSE  <-->1
/.DS_Store/loader  <-->1
/.DS_Store/package.json  <-->1
/package.json  <-->1
/package-lock.json  <-->1
/bower.json  <-->1
/.bowerrc  <-->1
/.eslintrc  <-->1
/.jshintrc  <-->1
/.npmrc  <-->1
/.env  <-->1
/.env.development  <-->1
/.env.production  <-->1
/process.env  <-->1
/WEB-INF/web.xml  <-->1
/WEB-INF/classes/  <-->1
/WEB-INF/lib/  <-->1
/WEB-INF/src/  <-->1
/WEB-INF/database.properties  <-->1
/.gitlab-ci.yml  <-->1
/.gitlab-cd.yml  <-->1
/.gitlab.yml  <-->1
/database.yml  <-->1
/phpinfo.php  <-->1
/.idea/  <-->1
/.idea/workspace.xml  <-->1
/.idea/dataSoures.xml  <-->1
/.idea/modules.xml  <-->1
/nbproject/  <-->1
/nbproject/build-impl.xml  <-->1
/nbproject/project.xml  <-->1
/.bzr/  <-->1
/.hg/  <-->1
/.git/  <-->1
/.git/config  <-->1
/.gitignore  <-->1
/.git/logs/head  <-->1
/.git/logs/HEAD  <-->1
/.svn/  <-->1
/.svn/entries  <-->1
/.svn/wc.db  <-->1
/.svn  <-->1
/.svn/all-wcprops  <-->1
/CVS/  <-->1
/CVS/Root  <-->1
/CVS/Entries  <-->1
/.CVS  <-->1
