/{re=exrex:(|%ACTUATOR-PROJECT%)}$/lastn  <-->10
/{re=exrex:(|%ACTUATOR-PROJECT%)}$/#/wallboard  <-->10
/{re=exrex:(|%ACTUATOR-PROJECT%)}$/  <-->10
/{re=exrex:(|%ACTUATOR-PROJECT%)}$  <-->10
/{re=exrex:(|%ACTUATOR-PROJECT%)}$/info  <-->10
/{re=exrex:(|%ACTUATOR-PROJECT%)}$/health/  <-->10
/{re=exrex:(|%ACTUATOR-PROJECT%)}$/health  <-->10
/{re=exrex:(|%ACTUATOR-PROJECT%)}$/features  <-->10
/{re=exrex:(|%ACTUATOR-PROJECT%)}$/metrics/  <-->10
/{re=exrex:(|%ACTUATOR-PROJECT%)}$/loggers/  <-->10
/{re=exrex:(|%ACTUATOR-PROJECT%)}$/httptrace/  <-->10
/{re=exrex:(|%ACTUATOR-PROJECT%)}$/metrics  <-->10
/{re=exrex:(|%ACTUATOR-PROJECT%)}$/loggers  <-->10
/{re=exrex:(|%ACTUATOR-PROJECT%)}$/httptrace  <-->10
/{re=exrex:(|%ACTUATOR-PROJECT%)}$/env  <-->10
/{re=exrex:(|%ACTUATOR-PROJECT%)}$/env/java.home  <-->10
/{re=exrex:(|%ACTUATOR-PROJECT%)}$/auditevents  <-->10
/{re=exrex:(|%ACTUATOR-PROJECT%)}$/beans  <-->10
/{re=exrex:(|%ACTUATOR-PROJECT%)}$/mappings  <-->10
/{re=exrex:(|%ACTUATOR-PROJECT%)}$/conditions  <-->10
/{re=exrex:(|%ACTUATOR-PROJECT%)}$/threaddump  <-->10
/{re=exrex:(|%ACTUATOR-PROJECT%)}$/scheduledtasks  <-->10
/{re=exrex:(|%ACTUATOR-PROJECT%)}$/heapdump  <-->10
/{re=exrex:(|%ACTUATOR-PROJECT%)}$/configprops  <-->10
/{re=exrex:(|%ACTUATOR-PROJECT%)}$/loggers/nacos  <-->10
/{re=exrex:(|%ACTUATOR-PROJECT%)}$/archaius  <-->10
/{re=exrex:(|%ACTUATOR-PROJECT%)}$/env/  <-->10
/{re=exrex:(|%ACTUATOR-PROJECT%)}$/trace/  <-->10
/{re=exrex:(|%ACTUATOR-PROJECT%)}$/trace  <-->10
/{re=exrex:(|%ACTUATOR-PROJECT%)}$/autoconfig  <-->10
/{re=exrex:(|%ACTUATOR-PROJECT%)}$/dump  <-->10
/{re=exrex:(|%ACTUATOR-PROJECT%)}$/metrics/mem  <-->10
/{re=exrex:(|%ACTUATOR-PROJECT%)}$/caches  <-->10
/{re=exrex:(|%ACTUATOR-PROJECT%)}$/heapdump.json  <-->10
/{re=exrex:(|%ACTUATOR-PROJECT%)}$/service-registry  <-->10
/{re=exrex:(|%ACTUATOR-PROJECT%)}$/api/v1/  <-->10
/{re=exrex:(|%ACTUATOR-PROJECT%)}$/api/v3  <-->10
/{re=exrex:(|%ACTUATOR-PROJECT%)}$/prometheus  <-->10
/{re=exrex:(|%ACTUATOR-PROJECT%)}$/api/apidocs  <-->10
/{re=exrex:(|%ACTUATOR-PROJECT%)}$/api/v1/login  <-->10
/{re=exrex:(|%ACTUATOR-PROJECT%)}$/hystrix  <-->10
/{re=exrex:(|%ACTUATOR-PROJECT%)}$/api/doc  <-->10
/{re=exrex:(|%ACTUATOR-PROJECT%)}$/api/v2  <-->10
/{re=exrex:(|%ACTUATOR-PROJECT%)}$/jolokia  <-->10
/{re=exrex:(|%ACTUATOR-PROJECT%)}$/jolokia/*  <-->10
/{re=exrex:(|%ACTUATOR-PROJECT%)}$/jolokia/list  <-->10
/{re=exrex:(|%ACTUATOR-PROJECT%)}$/api/v2/login  <-->10
/{re=exrex:(|%ACTUATOR-PROJECT%)}$/api/v2/apidocs  <-->10
/{re=exrex:(|%ACTUATOR-PROJECT%)}$/api/v1/apidocs  <-->10
/{re=exrex:(|%ACTUATOR-PROJECT%)}$/api/index.html  <-->10
/{re=exrex:(|%ACTUATOR-PROJECT%)}$/logfile  <-->10
/{re=exrex:(|%ACTUATOR-PROJECT%)}$/api  <-->10
/{re=exrex:(|%ACTUATOR-PROJECT%)}$/nacos-config  <-->10
/{re=exrex:(|%ACTUATOR-PROJECT%)}$/hystrix.stream  <-->10
/{re=exrex:(|%ACTUATOR-PROJECT%)}$/error  <-->10
/{re=exrex:(|%ACTUATOR-PROJECT%)}$/nacos-discovery  <-->10
/{re=exrex:(|%ACTUATOR-PROJECT%)}$/hystrix.stream/*  <-->10
/{re=exrex:(|%ACTUATOR-PROJECT%)}$/refresh  <-->10
/{re=exrex:(|%ACTUATOR-PROJECT%)}$/services  <-->10
/{re=exrex:(|%ACTUATOR-PROJECT%)}$/version  <-->10
